[1/252] intermodal_2021_W26_Intermodal-Report-Week-26-2021.pdf charts=2 series=9 pts=2571 OK
[2/252] intermodal_2021_W27_Intermodal-Report-Week-27-2021.pdf charts=2 series=9 pts=2586 OK
[3/252] intermodal_2021_W28_Intermodal-Report-Week-28-2021.pdf charts=2 series=9 pts=2591 OK
[4/252] intermodal_2021_W29_Intermodal-Report-Week-29-2021.pdf charts=2 series=9 pts=2594 OK
[5/252] intermodal_2021_W30_Intermodal-Report-Week-30-2021-2.pdf charts=2 series=9 pts=2370 OK
[6/252] intermodal_2021_W31_Intermodal-Report-Week-31-2021.pdf charts=2 series=9 pts=2607 OK
[7/252] intermodal_2021_W33_Intermodal-Report-Week-33-2021.pdf charts=2 series=9 pts=2605 OK
[8/252] intermodal_2021_W34_Intermodal-Report-Week-34-2021.pdf charts=2 series=9 pts=2610 OK
[9/252] intermodal_2021_W35_Intermodal-Report-Week-35-2021-1.pdf charts=2 series=9 pts=2621 OK
[10/252] intermodal_2021_W36_Intermodal-Report-Week-36-2021.pdf charts=2 series=9 pts=2617 OK
[11/252] intermodal_2021_W37_Intermodal-Report-Week-37-2021.pdf charts=2 series=9 pts=2614 OK
[12/252] intermodal_2021_W38_Intermodal-Report-Week-38-2021.pdf charts=2 series=9 pts=2607 OK
[13/252] intermodal_2021_W39_Intermodal-Report-Week-39-2021.pdf charts=2 series=9 pts=2634 OK
[14/252] intermodal_2021_W40_Intermodal-Report-Week-40-2021.pdf charts=2 series=9 pts=2636 OK
[15/252] intermodal_2021_W41_Intermodal-Report-Week-41-2021.pdf charts=2 series=9 pts=2639 OK
[16/252] intermodal_2021_W42_Intermodal-Report-Week-42-2021.pdf charts=2 series=9 pts=2635 OK
[17/252] intermodal_2021_W43_Intermodal-Report-Week-43-2021.pdf charts=2 series=9 pts=2639 OK
[18/252] intermodal_2021_W44_Intermodal-Report-Week-44-2021.pdf charts=2 series=9 pts=2637 OK
[19/252] intermodal_2021_W45_Intermodal-Report-Week-45-2021.pdf charts=2 series=9 pts=2639 OK
[20/252] intermodal_2021_W46_Intermodal-Report-Week-46-2021.pdf charts=2 series=9 pts=2632 OK
[21/252] intermodal_2021_W47_Intermodal-Report-Week-47-2021.pdf charts=2 series=9 pts=2631 OK
[22/252] intermodal_2021_W48_Intermodal-Report-Week-48-2021.pdf charts=2 series=9 pts=2634 OK
[23/252] intermodal_2021_W49_Intermodal-Report-Week-49-2021.pdf charts=2 series=9 pts=2636 OK
[24/252] intermodal_2021_W50_Intermodal-Report-Week-50-2021-1.pdf charts=2 series=9 pts=2631 OK
[25/252] intermodal_2021_W51_Intermodal-Report-Week-51-2021.pdf charts=2 series=9 pts=2629 OK
[26/252] allied_2022_W04_Intermodal-Report-Week-04-2022.pdf charts=2 series=9 pts=2638 OK
[27/252] intermodal_2022_W01_Intermodal-Report-Week-01-2022.pdf charts=2 series=9 pts=2638 OK
[28/252] intermodal_2022_W02_Intermodal-Report-Week-02-2022.pdf charts=2 series=9 pts=2635 OK
[29/252] intermodal_2022_W03_Intermodal-Report-Week-03-2022.pdf charts=2 series=9 pts=2643 OK
[30/252] intermodal_2022_W05_Intermodal-Report-Week-05-2022.pdf charts=2 series=9 pts=2638 OK
[31/252] intermodal_2022_W06_Intermodal-Report-Week-06-2022.pdf charts=2 series=9 pts=2635 OK
[32/252] intermodal_2022_W07_Intermodal-Report-Week-07-2022.pdf charts=2 series=9 pts=2631 OK
[33/252] intermodal_2022_W08_Intermodal-Report-Week-08-2022.pdf charts=2 series=9 pts=2638 OK
[34/252] intermodal_2022_W09_Intermodal-Report-Week-09-2022.pdf charts=2 series=9 pts=2643 OK
[35/252] intermodal_2022_W10_Intermodal-Report-Week-10-2022.pdf charts=2 series=9 pts=2637 OK
[36/252] intermodal_2022_W11_Intermodal-Report-Week-11-2022.pdf charts=2 series=9 pts=2636 OK
[37/252] intermodal_2022_W12_Intermodal-Report-Week-12-2022.pdf charts=2 series=9 pts=2636 OK
[38/252] intermodal_2022_W13_Intermodal-Report-Week-13-2022.pdf charts=2 series=9 pts=2637 OK
[39/252] intermodal_2022_W14_Intermodal-Report-Week-14-2022.pdf charts=2 series=9 pts=2642 OK
[40/252] intermodal_2022_W15_Intermodal-Report-Week-15-2022.pdf charts=2 series=9 pts=2636 OK
[41/252] intermodal_2022_W17_Intermodal-Report-Week-17-2022.pdf charts=2 series=9 pts=2638 OK
[42/252] intermodal_2022_W18_Intermodal-Report-Week-18-2022.pdf charts=2 series=9 pts=2633 OK
[43/252] intermodal_2022_W19_Intermodal-Report-Week-19-2022.pdf charts=2 series=9 pts=2631 OK
[44/252] intermodal_2022_W20_Intermodal-Report-Week-20-2022.pdf charts=2 series=9 pts=2633 OK
[45/252] intermodal_2022_W21_Intermodal-Report-Week-21-2022.pdf charts=2 series=9 pts=2635 OK
[46/252] intermodal_2022_W22_Intermodal-Report-Week-22-2022.pdf charts=2 series=9 pts=2636 OK
[47/252] intermodal_2022_W23_Intermodal-Report-Week-23-2022.pdf charts=2 series=9 pts=2635 OK
[48/252] intermodal_2022_W24_Intermodal-Report-Week-24-2022.pdf charts=2 series=9 pts=2637 OK
[49/252] intermodal_2022_W25_Intermodal-Report-Week-25-2022.pdf charts=2 series=9 pts=2637 OK
[50/252] intermodal_2022_W26_Intermodal-Report-Week-26-2022.pdf charts=2 series=9 pts=2637 OK
[51/252] intermodal_2022_W27_Intermodal-Report-Week-27-2022.pdf charts=2 series=9 pts=2637 OK
[52/252] intermodal_2022_W28_Intermodal-Report-Week-28-2022.pdf charts=2 series=9 pts=2636 OK
[53/252] intermodal_2022_W29_Intermodal-Report-Week-29-2022.pdf charts=2 series=9 pts=2639 OK
[54/252] intermodal_2022_W30_Intermodal-Report-Week-30-2022.pdf charts=2 series=9 pts=2638 OK
[55/252] intermodal_2022_W31_Intermodal-Report-Week-31-2022.pdf charts=2 series=9 pts=2639 OK
[56/252] intermodal_2022_W33_Intermodal-Report-Week-33-2022.pdf charts=2 series=9 pts=2633 OK
[57/252] intermodal_2022_W34_Intermodal-Report-Week-34-2022.pdf charts=2 series=9 pts=2633 OK
[58/252] intermodal_2022_W35_Intermodal-Report-Week-35-2022.pdf charts=2 series=9 pts=2633 OK
[59/252] intermodal_2022_W36_Intermodal-Report-Week-36-2022.pdf charts=2 series=9 pts=2639 OK
[60/252] intermodal_2022_W37_Intermodal-Report-Week-37-2022.pdf charts=2 series=9 pts=2634 OK
[61/252] intermodal_2022_W38_Intermodal-Report-Week-38-2022.pdf charts=2 series=9 pts=2637 OK
[62/252] intermodal_2022_W39_Intermodal-Report-Week-39-2022.pdf charts=2 series=9 pts=2637 OK
[63/252] intermodal_2022_W40_Intermodal-Report-Week-40-2022.pdf charts=2 series=9 pts=2636 OK
[64/252] intermodal_2022_W41_Intermodal-Report-Week-41-2022.pdf charts=2 series=9 pts=2634 OK
[65/252] intermodal_2022_W42_Intermodal-Report-Week-42-2022.pdf charts=2 series=9 pts=2635 OK
[66/252] intermodal_2022_W43_Intermodal-Report-Week-43-2022.pdf charts=2 series=9 pts=2635 OK
[67/252] intermodal_2022_W44_Intermodal-Report-Week-44-2022.pdf charts=2 series=9 pts=2366 OK
[68/252] intermodal_2022_W45_Intermodal-Report-Week-45-2022.pdf charts=2 series=9 pts=2366 OK
[69/252] intermodal_2022_W46_Intermodal-Report-Week-46-2022.pdf charts=2 series=9 pts=2366 OK
[70/252] intermodal_2022_W47_Intermodal-Report-Week-47-2022.pdf charts=2 series=9 pts=2369 OK
[71/252] intermodal_2022_W48_Intermodal-Report-Week-48-2022.pdf charts=2 series=9 pts=2365 OK
[72/252] intermodal_2022_W49_Intermodal-Report-Week-49-2022.pdf charts=2 series=9 pts=2368 OK
[73/252] intermodal_2022_W50_Intermodal-Report-Week-50-2022.pdf charts=2 series=9 pts=2365 OK
[74/252] intermodal_2022_W51_Intermodal-Report-Week-51-2022.pdf charts=2 series=9 pts=2366 OK
[75/252] intermodal_2023_W01_Intermodal-Report-Week-01-2023.pdf charts=2 series=9 pts=2367 OK
[76/252] intermodal_2023_W02_Intermodal-Report-Week-02-2023.pdf charts=2 series=9 pts=2366 OK
[77/252] intermodal_2023_W03_Intermodal-Report-Week-03-2023.pdf charts=2 series=9 pts=2371 OK
[78/252] intermodal_2023_W04_Intermodal-Report-Week-04-2023.pdf charts=2 series=9 pts=2366 OK
[79/252] intermodal_2023_W05_Intermodal-Report-Week-05-2023.pdf charts=2 series=9 pts=2370 OK
[80/252] intermodal_2023_W06_Intermodal-Report-Week-06-2023.pdf charts=2 series=9 pts=2365 OK
[81/252] intermodal_2023_W07_Intermodal-Report-Week-07-2023.pdf charts=2 series=9 pts=2363 OK
[82/252] intermodal_2023_W08_Intermodal-Report-Week-08-2023.pdf charts=2 series=9 pts=2362 OK
[83/252] intermodal_2023_W09_Intermodal-Report-Week-09-2023.pdf charts=2 series=9 pts=2370 OK
[84/252] intermodal_2023_W10_Intermodal-Report-Week-10-2023.pdf charts=2 series=9 pts=2366 OK
[85/252] intermodal_2023_W11_Intermodal-Report-Week-11-2023.pdf charts=2 series=9 pts=2367 OK
[86/252] intermodal_2023_W12_Intermodal-Report-Week-12-2023.pdf charts=2 series=9 pts=2366 OK
[87/252] intermodal_2023_W13_Intermodal-Report-Week-13-2023.pdf charts=2 series=9 pts=2361 OK
[88/252] intermodal_2023_W14_Intermodal-Report-Week-14-2023.pdf charts=2 series=9 pts=2370 OK
[89/252] intermodal_2023_W16_Intermodal-Report-Week-16-2023.pdf charts=2 series=9 pts=2366 OK
[90/252] intermodal_2023_W17_Intermodal-Report-Week-17-2023.pdf charts=2 series=9 pts=2359 OK
[91/252] intermodal_2023_W18_Intermodal-Report-Week-18-2023.pdf charts=2 series=9 pts=2364 OK
[92/252] intermodal_2023_W19_Intermodal-Report-Week-19-2023.pdf charts=2 series=9 pts=2373 OK
[93/252] intermodal_2023_W20_Intermodal-Report-Week-20-2023.pdf charts=2 series=9 pts=2333 OK
[94/252] intermodal_2023_W21_Intermodal-Report-Week-21-2023.pdf charts=2 series=9 pts=2372 OK
[95/252] intermodal_2023_W22_Intermodal-Report-Week-22-2023.pdf charts=2 series=9 pts=2372 OK
[96/252] intermodal_2023_W23_Intermodal-Report-Week-23-2023.pdf charts=1 series=5 pts=1313 OK
[97/252] intermodal_2023_W24_Intermodal-Report-Week-24-2023.pdf charts=1 series=5 pts=1311 OK
[98/252] intermodal_2023_W25_Intermodal-Report-Week-25-2023.pdf charts=1 series=5 pts=1307 OK
[99/252] intermodal_2023_W26_Intermodal-Report-Week-26-2023.pdf charts=1 series=5 pts=1318 OK
[100/252] intermodal_2023_W27_Intermodal-Report-Week-27-2023.pdf charts=1 series=5 pts=1315 OK
[101/252] intermodal_2023_W28_Intermodal-Report-Week-28-2023.pdf charts=1 series=5 pts=1312 OK
[102/252] intermodal_2023_W29_Intermodal-Report-Week-29-2023.pdf charts=1 series=5 pts=1318 OK
[103/252] intermodal_2023_W30_Intermodal-Report-Week-30-2023.pdf charts=1 series=5 pts=1317 OK
[104/252] intermodal_2023_W31_Intermodal-Report-Week-31-2023.pdf charts=1 series=5 pts=1313 OK
[105/252] intermodal_2023_W33_Intermodal-Report-Week-33-2023.pdf charts=1 series=5 pts=1315 OK
[106/252] intermodal_2023_W34_Intermodal-Report-Week-34-2023.pdf charts=1 series=5 pts=1309 OK
[107/252] intermodal_2023_W35_Intermodal-Report-Week-35-2023.pdf charts=1 series=5 pts=1313 OK
[108/252] intermodal_2023_W36_Intermodal-Report-Week-36-2023.pdf charts=1 series=5 pts=1318 OK
[109/252] intermodal_2023_W37_Intermodal-Report-Week-37-2023.pdf charts=1 series=5 pts=1314 OK
[110/252] intermodal_2023_W38_Intermodal-Report-Week-38-2023.pdf charts=1 series=5 pts=1309 OK
[111/252] intermodal_2023_W39_Intermodal-Report-Week-39-2023.pdf charts=2 series=9 pts=2370 OK
[112/252] intermodal_2023_W40_Intermodal-Report-Week-40-2023.pdf charts=2 series=9 pts=2369 OK
[113/252] intermodal_2023_W41_Intermodal-Report-Week-41_2023.pdf charts=2 series=9 pts=2371 OK
[114/252] intermodal_2023_W42_Intermodal-Report-Week-42-2023.pdf charts=2 series=9 pts=2369 OK
[115/252] intermodal_2023_W43_Intermodal-Report-Week-43-2023.pdf charts=2 series=9 pts=2365 OK
[116/252] intermodal_2023_W44_Intermodal-Report-Week-44-2023.pdf charts=2 series=9 pts=2371 OK
[117/252] intermodal_2023_W45_Intermodal-Report-Week-45-2023.pdf charts=2 series=9 pts=2362 OK
[118/252] intermodal_2023_W46_Intermodal-Report-Week-46-2023.pdf charts=2 series=9 pts=2366 OK
[119/252] intermodal_2023_W47_Intermodal-Report-Week-47-2023.pdf charts=2 series=9 pts=2366 OK
[120/252] intermodal_2023_W48_Intermodal-Report-Week-48-2023.pdf charts=2 series=9 pts=2361 OK
[121/252] intermodal_2023_W49_Intermodal-Report-Week-49-2023.pdf charts=2 series=9 pts=2361 OK
[122/252] intermodal_2023_W50_Intermodal-Report-Week-50-2023.pdf charts=2 series=9 pts=2364 OK
[123/252] intermodal_2024_W01_Intermodal-Report-Week-01-2024.pdf charts=2 series=9 pts=2503 OK
[124/252] intermodal_2024_W02_Intermodal-Report-Week-02-2024.pdf charts=2 series=9 pts=2458 OK
[125/252] intermodal_2024_W03_Intermodal-Report-Week-03-2024.pdf charts=2 series=9 pts=2371 OK
[126/252] intermodal_2024_W04_Intermodal-Report-Week-04-2024.pdf charts=2 series=9 pts=2376 OK
[127/252] intermodal_2024_W05_Intermodal-Report-Week-05-2024.pdf charts=2 series=9 pts=2369 OK
[128/252] intermodal_2024_W06_Intermodal-Report-Week-06-2024.pdf charts=2 series=9 pts=2454 OK
[129/252] intermodal_2024_W07_Intermodal-Report-Week-07-2024.pdf charts=2 series=9 pts=2318 OK
[130/252] intermodal_2024_W08_Intermodal-Report-Week-08-2024.pdf charts=2 series=9 pts=2271 OK
[131/252] intermodal_2024_W09_Intermodal-Report-Week-09-2024.pdf charts=2 series=9 pts=2242 OK
[132/252] intermodal_2024_W10_Intermodal-Report-Week-10-2024.pdf charts=2 series=9 pts=2376 OK
[133/252] intermodal_2024_W11_Intermodal-Report-Week-11-2024.pdf charts=2 series=9 pts=2369 OK
[134/252] intermodal_2024_W12_Intermodal-Report-Week-12-2024.pdf charts=2 series=9 pts=2460 OK
[135/252] intermodal_2024_W13_Intermodal-Report-Week-13-2024-1.pdf charts=2 series=9 pts=2373 OK
[136/252] intermodal_2024_W14_Intermodal-Report-Week-14-2024.pdf charts=2 series=9 pts=2372 OK
[137/252] intermodal_2024_W15_Intermodal-Report-Week-15-2024.pdf charts=2 series=9 pts=2364 OK
[138/252] intermodal_2024_W16_Intermodal-Report-Week-16-2024.pdf charts=2 series=9 pts=2369 OK
[139/252] intermodal_2024_W17_Intermodal-Report-Week-17-2024.pdf charts=2 series=9 pts=2368 OK
[140/252] intermodal_2024_W18_Intermodal-Report-Week-18-2024.pdf charts=2 series=9 pts=2370 OK
[141/252] intermodal_2024_W19_Intermodal-Report-Week-19-2024.pdf charts=2 series=9 pts=2369 OK
[142/252] intermodal_2024_W20_Intermodal-Report-Week-20-2024.pdf charts=2 series=9 pts=2373 OK
[143/252] intermodal_2024_W21_Intermodal-Report-Week-21-2024.pdf charts=2 series=9 pts=2366 OK
[144/252] intermodal_2024_W22_Intermodal-Report-Week-22-2024.pdf charts=2 series=9 pts=2374 OK
[145/252] intermodal_2024_W24_Intermodal-Report-Week-24-2024.pdf charts=2 series=9 pts=2367 OK
[146/252] intermodal_2024_W25_Intermodal-Report-Week-25-2024.pdf charts=2 series=9 pts=2368 OK
[147/252] intermodal_2024_W26_Intermodal-Report-Week-26-2024.pdf charts=2 series=9 pts=2366 OK
[148/252] intermodal_2024_W27_Intermodal-Report-Week-27-2024.pdf charts=2 series=9 pts=2376 OK
[149/252] intermodal_2024_W28_Intermodal-Report-Week-28-2024.pdf charts=2 series=9 pts=2375 OK
[150/252] intermodal_2024_W29_Intermodal-Report-Week-29-2024.pdf charts=2 series=9 pts=2370 OK
[151/252] intermodal_2024_W30_Intermodal-Report-Week-30-2024.pdf charts=2 series=9 pts=2377 OK
[152/252] intermodal_2024_W31_Intermodal-Report-Week-31-2024.pdf charts=2 series=9 pts=2376 OK
[153/252] intermodal_2024_W33_Intermodal-Report-Week-33-2024.pdf charts=2 series=9 pts=2473 OK
[154/252] intermodal_2024_W34_Intermodal-Report-Week-34-2024.pdf charts=2 series=9 pts=2366 OK
[155/252] intermodal_2024_W35_Intermodal-Report-Week-35-2024.pdf charts=2 series=9 pts=2372 OK
[156/252] intermodal_2024_W36_Intermodal-Report-Week-36-2024.pdf charts=2 series=9 pts=2374 OK
[157/252] intermodal_2024_W37_Intermodal-Report-Week-37-2024.pdf charts=2 series=9 pts=2368 OK
[158/252] intermodal_2024_W38_Intermodal-Report-Week-38-2024.pdf charts=2 series=9 pts=2367 OK
[159/252] intermodal_2024_W39_Intermodal-Report-Week-39-2024.pdf charts=2 series=9 pts=2361 OK
[160/252] intermodal_2024_W40_Intermodal-Report-Week-40-2024.pdf charts=2 series=9 pts=2375 OK
[161/252] intermodal_2024_W41_Intermodal-Report-Week-41-2024.pdf charts=2 series=9 pts=2368 OK
[162/252] intermodal_2024_W42_Intermodal-Report-Week-42-2024.pdf charts=2 series=9 pts=2365 OK
[163/252] intermodal_2024_W43_Intermodal-Report-Week-43-2024.pdf charts=2 series=9 pts=2369 OK
[164/252] intermodal_2024_W44_Intermodal-Report-Week-44-2024.pdf charts=2 series=9 pts=2372 OK
[165/252] intermodal_2024_W45_Intermodal-Report-Week-45-2024.pdf charts=2 series=9 pts=2377 OK
[166/252] intermodal_2024_W46_Intermodal-Report-Week-46-2024.pdf charts=2 series=9 pts=2363 OK
[167/252] intermodal_2024_W47_Intermodal-Report-Week-47-2024.pdf charts=2 series=9 pts=2473 OK
[168/252] intermodal_2024_W48_Intermodal-Report-Week-48-2024.pdf charts=2 series=9 pts=2371 OK
[169/252] intermodal_2024_W49_Intermodal-Report-Week-49-2024.pdf charts=2 series=9 pts=2374 OK
[170/252] intermodal_2024_W50_Intermodal-Report-Week-50-2024.pdf charts=2 series=9 pts=2369 OK
[171/252] intermodal_2024_W51_Intermodal-Report-Week-51-2024.pdf charts=2 series=9 pts=2369 OK
[172/252] intermodal_2025_W02_Intermodal-Report-Week-02-2025.pdf charts=2 series=9 pts=2369 OK
[173/252] intermodal_2025_W03_Intermodal-Report-Week-03-2025.pdf charts=2 series=9 pts=2371 OK
[174/252] intermodal_2025_W04_Intermodal-Report-Week-04-2025.pdf charts=2 series=9 pts=2385 OK
[175/252] intermodal_2025_W05_Intermodal-Report-Week-05-2025.pdf charts=2 series=9 pts=2368 OK
[176/252] intermodal_2025_W06_Intermodal-Report-Week-06-2025.pdf charts=2 series=9 pts=2376 OK
[177/252] intermodal_2025_W07_Intermodal-Report-Week-07-2025.pdf charts=2 series=9 pts=2368 OK
[178/252] intermodal_2025_W08_Intermodal-Report-Week-08-2025.pdf charts=2 series=9 pts=2365 OK
[179/252] intermodal_2025_W09_Intermodal-Report-Week-09-2025.pdf charts=2 series=9 pts=2368 OK
[180/252] intermodal_2025_W10_Intermodal-Report-Week-10-2025.pdf charts=2 series=9 pts=2364 OK
[181/252] intermodal_2025_W11_Intermodal-Report-Week-11-2025.pdf charts=2 series=9 pts=2371 OK
[182/252] intermodal_2025_W12_Intermodal-Report-Week-12-2025.pdf charts=2 series=9 pts=2376 OK
[183/252] intermodal_2025_W13_Intermodal-Report-Week-13-2025.pdf charts=2 series=9 pts=2372 OK
[184/252] intermodal_2025_W14_Intermodal-Report-Week-14-2025.pdf charts=2 series=9 pts=2361 OK
[185/252] intermodal_2025_W15_Intermodal-Report-Week-15-2025.pdf charts=2 series=9 pts=2367 OK
[186/252] intermodal_2025_W17_Intermodal-Report-Week-17-2025.pdf charts=2 series=9 pts=2372 OK
[187/252] intermodal_2025_W18_Intermodal-Report-Week-18-2025.pdf charts=2 series=9 pts=2362 OK
[188/252] intermodal_2025_W19_Intermodal-Report-Week-19-2025.pdf charts=2 series=9 pts=2363 OK
[189/252] intermodal_2025_W20_Intermodal-Report-Week-20-2025.pdf charts=2 series=9 pts=2366 OK
[190/252] intermodal_2025_W21_Intermodal-Report-Week-21-2025.pdf charts=2 series=9 pts=2367 OK
[191/252] intermodal_2025_W22_Intermodal-Report-Week-22-2025.pdf charts=2 series=9 pts=2367 OK
[192/252] intermodal_2025_W23_Intermodal-Report-Week-23-2025.pdf charts=2 series=9 pts=2366 OK
[193/252] intermodal_2025_W24_Intermodal-Report-Week-24-2025.pdf charts=2 series=9 pts=2366 OK
[194/252] intermodal_2025_W25_Intermodal-Report-Week-25-2025.pdf charts=2 series=9 pts=2368 OK
[195/252] intermodal_2025_W26_Intermodal-Report-Week-26-2025.pdf charts=2 series=9 pts=2368 OK
[196/252] intermodal_2025_W27_Intermodal-Report-Week-27-2025.pdf charts=2 series=9 pts=2363 OK
[197/252] intermodal_2025_W28_Intermodal-Report-Week-28-2025.pdf charts=2 series=9 pts=2367 OK
[198/252] intermodal_2025_W29_Intermodal-Report-Week-29-2025.pdf charts=2 series=9 pts=2367 OK
[199/252] intermodal_2025_W30_Intermodal-Report-Week-30-2025.pdf charts=2 series=9 pts=2367 OK
[200/252] intermodal_2025_W31_Intermodal-Report-Week-31-2025.pdf charts=2 series=9 pts=2365 OK
[201/252] intermodal_2025_W33_Intermodal-Report-Week-33-2025.pdf charts=2 series=9 pts=2372 OK
[202/252] intermodal_2025_W34_Intermodal-Report-Week-34-2025.pdf charts=2 series=9 pts=2371 OK
[203/252] intermodal_2025_W35_Intermodal-Report-Week-35-2025.pdf charts=2 series=9 pts=2372 OK
[204/252] intermodal_2025_W36_Intermodal-Report-Week-36-2025.pdf charts=2 series=9 pts=2363 OK
[205/252] intermodal_2025_W37_Intermodal-Report-Week-37-2025.pdf charts=2 series=9 pts=2372 OK
[206/252] intermodal_2025_W38_Intermodal-Report-Week-38-2025.pdf charts=2 series=9 pts=2370 OK
[207/252] intermodal_2025_W39_Intermodal-Report-Week-39-2025.pdf charts=2 series=9 pts=2369 OK
[208/252] intermodal_2025_W40_Intermodal-Report-Week-40-2025.pdf charts=2 series=9 pts=2368 OK
[209/252] intermodal_2025_W41_Intermodal-Report-Week-41-2025.pdf charts=2 series=9 pts=2370 OK
[210/252] intermodal_2025_W42_Intermodal-Report-Week-42-2025.pdf charts=2 series=9 pts=2370 OK
[211/252] intermodal_2025_W43_Intermodal-Report-Week-43-2025.pdf charts=2 series=9 pts=2370 OK
[212/252] intermodal_2025_W44_Intermodal-Report-Week-44-2025.pdf charts=2 series=9 pts=2371 OK
[213/252] intermodal_2025_W45_Intermodal-Report-Week-45-2025.pdf charts=2 series=9 pts=2464 OK
[214/252] intermodal_2025_W46_Intermodal-Report-Week-46-2025.pdf charts=2 series=9 pts=2464 OK
[215/252] intermodal_2025_W47_Intermodal-Report-Week-47-2025_compressed.pdf charts=2 series=9 pts=2464 OK
[216/252] intermodal_2025_W48_Intermodal-Report-Week-48-2025.pdf charts=2 series=9 pts=2462 OK
[217/252] intermodal_2025_W49_Intermodal-Report-Week-49-2025.pdf charts=2 series=9 pts=2454 OK
[218/252] intermodal_2025_W50_Intermodal-Report-Week-50-2025.pdf charts=2 series=9 pts=2454 OK
[219/252] intermodal_2025_W51_Intermodal-Report-Week-51-2025.pdf charts=2 series=9 pts=2454 OK
[220/252] intermodal_2026_W02_Intermodal-Report-Week-02-2026.pdf charts=2 series=9 pts=2454 OK
[221/252] intermodal_2026_W03_Intermodal-Report-Week-03-2026.pdf charts=2 series=9 pts=2454 OK
[222/252] intermodal_2026_W04_Intermodal-Report-Week-04-2026.pdf charts=2 series=9 pts=2454 OK
[223/252] intermodal_2026_W05_Intermodal-Report-Week-05-2026.pdf charts=2 series=9 pts=2454 OK
[224/252] intermodal_2026_W06_Intermodal-Report-Week-06-2026.pdf charts=2 series=9 pts=2454 OK
[225/252] intermodal_2026_W07_Intermodal-Report-Week-07-2026.pdf charts=2 series=9 pts=2454 OK
[226/252] intermodal_2026_W08_Intermodal-Report-Week-08-2026.pdf charts=2 series=9 pts=2371 OK
[227/252] intermodal_2026_W09_Intermodal-Report-Week-09-2026.pdf charts=2 series=9 pts=2464 OK
[228/252] intermodal_2026_W10_Intermodal-Report-Week-10-2026.pdf charts=2 series=9 pts=2468 OK
[229/252] intermodal_2026_W11_Intermodal-Report-Week-11-2026.pdf charts=2 series=9 pts=2372 OK
[230/252] intermodal_2026_W12_Intermodal-Report-Week-12-2026.pdf charts=2 series=9 pts=2371 OK
[231/252] intermodal_2026_W13_Intermodal-Report-Week-13-2026.pdf charts=2 series=9 pts=2370 OK
[232/252] intermodal_2026_W14_Intermodal-Report-Week-14-2026.pdf charts=2 series=9 pts=2363 OK
[233/252] intermodal_2026_W16_Intermodal-Report-Week-16-2026.pdf charts=2 series=9 pts=2372 OK
[234/252] intermodal_2026_W17_Intermodal-Report-Week-17-2026.pdf charts=2 series=9 pts=2370 OK
[235/252] intermodal_2026_W18_Intermodal-Report-Week-18-2026.pdf charts=2 series=9 pts=2364 OK
[236/252] intermodal_2026_W19_Intermodal-Report-Week-19-2026.pdf charts=2 series=9 pts=2365 OK
[237/252] intermodal_2026_W20_Intermodal-Report-Week-20-2026.pdf charts=2 series=9 pts=2371 OK
[238/252] intermodal_2026_W21_Intermodal-Report-Week-21-2026.pdf charts=2 series=9 pts=2368 OK
[239/252] intermodal_2026_W22_Intermodal-Report-Week-22-2026.pdf charts=2 series=9 pts=2368 OK
[240/252] intermodal_2026_W23_Intermodal-Report-Week-23-2026.pdf charts=2 series=9 pts=2364 OK
[241/252] intermodal_2026_W24_Intermodal-Report-Week-24-2026.pdf charts=2 series=9 pts=2367 OK
[242/252] intermodal_2026_W25_Intermodal-Report-Week-25-2026.pdf charts=2 series=9 pts=2368 OK
[243/252] intermodal_2026_W26_Intermodal-Report-Week-26-2026.pdf charts=2 series=9 pts=2366 OK
[244/252] intermodal_2026_W27_Intermodal-Report-Week-27-2026.pdf charts=2 series=9 pts=2365 OK
[245/252] intermodal_2026_W28_Intermodal-Report-Week-28-2026.pdf charts=2 series=9 pts=2370 OK
[246/252] intermodal_2026_W29_Intermodal-Report-Week-29-2026.pdf charts=2 series=9 pts=2366 OK
[247/252] intermodal_2026_W30_Intermodal-Report-Week-30-2026.pdf charts=2 series=9 pts=2368 OK
[248/252] intermodal_2026_W31_Intermodal-Report-Week-31-2026.pdf charts=2 series=9 pts=2454 OK
[249/252] intermodal_2026_W33_Intermodal-Report-Week-33-2026.pdf charts=2 series=9 pts=2464 OK
[250/252] intermodal_2026_W34_Intermodal-Report-Week-34-2026.pdf charts=2 series=9 pts=2466 OK
[251/252] intermodal_2026_W35_Intermodal-Report-Week-35-2026.pdf charts=2 series=9 pts=2437 OK
[252/252] intermodal_23_09_2026_intermodal_weekly_market_report_week_38_2026_broker_s_insi.pdf charts=2 series=9 pts=2460 OK

done=252 empty_or_failed=0 credits=0
