[1/519] ssy_2021_A20210705.pdf series=3 pts=128 ticks=16 gap=0.09673 OK
[2/519] ssy_2021_A20210712.pdf series=3 pts=129 ticks=16 gap=0.00163 OK
[3/519] ssy_2021_A20210719.pdf series=3 pts=130 ticks=16 gap=0.07426 OK
[4/519] ssy_2021_A20210726.pdf series=3 pts=131 ticks=16 gap=0.00477 OK
[5/519] ssy_2021_A20210802.pdf series=3 pts=132 ticks=16 gap=0.01354 OK
[6/519] ssy_2021_A20210809.pdf series=3 pts=133 ticks=16 gap=0.0054 OK
[7/519] ssy_2021_A20210816.pdf series=3 pts=134 ticks=17 gap=0.07048 OK
[8/519] ssy_2021_A20210823.pdf series=3 pts=135 ticks=19 gap=0.12637 OK
[9/519] ssy_2021_A20210831.pdf series=3 pts=136 ticks=11 gap=0.00225 OK
[10/519] ssy_2021_A20210906.pdf series=3 pts=137 ticks=11 gap=0.09624 OK
[11/519] ssy_2021_A20210913.pdf series=3 pts=138 ticks=11 gap=0.05787 OK
[12/519] ssy_2021_A20210920.pdf series=3 pts=139 ticks=11 gap=0.06519 OK
[13/519] ssy_2021_A20210927.pdf series=3 pts=140 ticks=11 gap=0.06558 OK
[14/519] ssy_2021_A20211004.pdf series=3 pts=141 ticks=6 gap=0.15181 OK
[15/519] ssy_2021_A20211011-1.pdf series=3 pts=142 ticks=7 gap=0.06333 OK
[16/519] ssy_2021_A20211018.pdf series=3 pts=143 ticks=7 gap=0.18086 OK
[17/519] ssy_2021_A20211025.pdf series=3 pts=144 ticks=7 gap=0.15497 OK
[18/519] ssy_2021_A20211101.pdf series=3 pts=145 ticks=7 gap=0.25666 OK
[19/519] ssy_2021_A20211108.pdf series=3 pts=146 ticks=7 gap=0.18549 OK
[20/519] ssy_2021_A20211115.pdf series=3 pts=147 ticks=8 gap=0.00374 OK
[21/519] ssy_2021_A20211122.pdf series=3 pts=148 ticks=8 gap=0.08729 OK
[22/519] ssy_2021_A20211129.pdf series=3 pts=149 ticks=8 gap=0.0175 OK
[23/519] ssy_2021_A20211206.pdf series=3 pts=150 ticks=8 gap=0.03227 OK
[24/519] ssy_2021_A20211213.pdf series=3 pts=151 ticks=8 gap=0.02441 OK
[25/519] ssy_2021_A20211220.pdf series=3 pts=152 ticks=8 gap=0.29838 OK
[26/519] ssy_2021_P20210705.pdf series=3 pts=128 ticks=12 gap=0.10533 OK
[27/519] ssy_2021_P20210712.pdf series=3 pts=129 ticks=12 gap=0.00774 OK
[28/519] ssy_2021_P20210719.pdf series=3 pts=130 ticks=12 gap=0.08377 OK
[29/519] ssy_2021_P20210726.pdf series=3 pts=131 ticks=12 gap=0.03872 OK
[30/519] ssy_2021_P20210802.pdf series=3 pts=132 ticks=12 gap=0.11485 OK
[31/519] ssy_2021_P20210809.pdf series=3 pts=133 ticks=12 gap=0.00836 OK
[32/519] ssy_2021_P20210816.pdf series=3 pts=134 ticks=12 gap=0.046 OK
[33/519] ssy_2021_P20210823.pdf series=3 pts=135 ticks=14 gap=0.14966 OK
[34/519] ssy_2021_P20210831.pdf series=3 pts=136 ticks=14 gap=0.0651 OK
[35/519] ssy_2021_P20210906.pdf series=3 pts=137 ticks=14 gap=0.10276 OK
[36/519] ssy_2021_P20210913.pdf series=3 pts=138 ticks=14 gap=0.07804 OK
[37/519] ssy_2021_P20210920.pdf series=3 pts=139 ticks=14 gap=0.11179 OK
[38/519] ssy_2021_P20210927.pdf series=3 pts=140 ticks=8 gap=0.11169 OK
[39/519] ssy_2021_P20211004.pdf series=3 pts=141 ticks=10 gap=0.15686 OK
[40/519] ssy_2021_P20211011.pdf series=3 pts=142 ticks=10 gap=0.04628 OK
[41/519] ssy_2021_P20211018.pdf series=3 pts=143 ticks=10 gap=0.2224 OK
[42/519] ssy_2021_P20211025.pdf series=3 pts=144 ticks=10 gap=0.20647 OK
[43/519] ssy_2021_P20211101.pdf series=3 pts=145 ticks=10 gap=0.21346 OK
[44/519] ssy_2021_P20211108.pdf series=3 pts=146 ticks=10 gap=0.19729 OK
[45/519] ssy_2021_P20211115.pdf series=3 pts=147 ticks=10 gap=0.04315 OK
[46/519] ssy_2021_P20211122.pdf series=3 pts=148 ticks=10 gap=0.08247 OK
[47/519] ssy_2021_P20211129.pdf series=3 pts=149 ticks=10 gap=0.02336 OK
[48/519] ssy_2021_P20211206.pdf series=3 pts=150 ticks=10 gap=0.01626 OK
[49/519] ssy_2021_P20211213.pdf series=3 pts=151 ticks=10 gap=0.04883 OK
[50/519] ssy_2021_P20211220.pdf series=3 pts=152 ticks=10 gap=0.32805 OK
[51/519] ssy_2022_A20220110.pdf series=1 pts=104 ticks=8 gap=0.05402 OK
[52/519] ssy_2022_A20220117.pdf series=2 pts=102 ticks=8 gap=0.39819 OK
[53/519] ssy_2022_A20220124.pdf series=2 pts=102 ticks=8 gap=0.30896 OK
[54/519] ssy_2022_A20220131.pdf series=2 pts=102 ticks=8 gap=0.14796 OK
[55/519] ssy_2022_A20220207.pdf series=2 pts=102 ticks=8 gap=0.19678 OK
[56/519] ssy_2022_A20220214.pdf series=2 pts=102 ticks=8 gap=0.23441 OK
[57/519] ssy_2022_A20220221.pdf series=2 pts=102 ticks=8 gap=0.35024 OK
[58/519] ssy_2022_A20220228.pdf series=2 pts=102 ticks=8 gap=0.33448 OK
[59/519] ssy_2022_A202203014-1.pdf series=2 pts=102 ticks=8 gap=0.37285 OK
[60/519] ssy_2022_A20220307.pdf series=2 pts=102 ticks=8 gap=0.33984 OK
[61/519] ssy_2022_A20220321.pdf series=2 pts=102 ticks=8 gap=0.51589 OK
[62/519] ssy_2022_A20220328.pdf series=2 pts=102 ticks=8 gap=0.46256 OK
[63/519] ssy_2022_A20220404.pdf series=2 pts=102 ticks=7 gap=0.4075 OK
[64/519] ssy_2022_A20220411.pdf series=2 pts=102 ticks=8 gap=0.40373 OK
[65/519] ssy_2022_A20220419.pdf series=2 pts=102 ticks=8 gap=0.36136 OK
[66/519] ssy_2022_A20220425.pdf series=2 pts=102 ticks=8 gap=0.36947 OK
[67/519] ssy_2022_A20220503.pdf series=3 pts=119 ticks=8 gap=0.05764 OK
[68/519] ssy_2022_A20220509.pdf series=3 pts=120 ticks=8 gap=0.0672 OK
[69/519] ssy_2022_A20220516.pdf series=3 pts=121 ticks=8 gap=0.0953 OK
[70/519] ssy_2022_A20220523.pdf series=3 pts=122 ticks=8 gap=0.07098 OK
[71/519] ssy_2022_A20220530.pdf series=3 pts=123 ticks=8 gap=0.22144 OK
[72/519] ssy_2022_A20220606.pdf series=3 pts=124 ticks=7 gap=0.02303 OK
[73/519] ssy_2022_A20220613.pdf series=3 pts=125 ticks=8 gap=0.0915 OK
[74/519] ssy_2022_A20220620.pdf series=3 pts=126 ticks=8 gap=0.05965 OK
[75/519] ssy_2022_A20220627.pdf series=3 pts=127 ticks=8 gap=0.13112 OK
[76/519] ssy_2022_A20220704.pdf series=3 pts=128 ticks=8 gap=0.03644 OK
[77/519] ssy_2022_A20220711-1.pdf series=3 pts=129 ticks=8 gap=0.07589 OK
[78/519] ssy_2022_A20220718.pdf series=3 pts=130 ticks=7 gap=0.04599 OK
[79/519] ssy_2022_A20220801.pdf series=3 pts=132 ticks=8 gap=0.17038 OK
[80/519] ssy_2022_A20220808.pdf series=3 pts=133 ticks=8 gap=0.21386 OK
[81/519] ssy_2022_A20220815.pdf series=3 pts=134 ticks=8 gap=0.12067 OK
[82/519] ssy_2022_A20220822.pdf series=3 pts=135 ticks=8 gap=0.24086 OK
[83/519] ssy_2022_A20220830.pdf series=3 pts=136 ticks=8 gap=0.16343 OK
[84/519] ssy_2022_A20220905.pdf series=3 pts=137 ticks=8 gap=0.05872 OK
[85/519] ssy_2022_A20220912.pdf series=3 pts=138 ticks=8 gap=0.09973 OK
[86/519] ssy_2022_A20220920.pdf series=3 pts=139 ticks=8 gap=0.1491 OK
[87/519] ssy_2022_A20220926.pdf series=3 pts=140 ticks=8 gap=0.0518 OK
[88/519] ssy_2022_A20221003.pdf series=3 pts=141 ticks=8 gap=0.06973 OK
[89/519] ssy_2022_A20221010.pdf series=3 pts=142 ticks=8 gap=0.03872 OK
[90/519] ssy_2022_A20221017.pdf series=3 pts=143 ticks=8 gap=0.10457 OK
[91/519] ssy_2022_A20221031.pdf series=3 pts=145 ticks=8 gap=0.16751 OK
[92/519] ssy_2022_A20221107.pdf series=3 pts=146 ticks=8 gap=0.12275 OK
[93/519] ssy_2022_A20221114.pdf series=3 pts=147 ticks=8 gap=0.07644 OK
[94/519] ssy_2022_A20221121.pdf series=3 pts=148 ticks=8 gap=0.17519 OK
[95/519] ssy_2022_A20221128.pdf series=3 pts=149 ticks=8 gap=0.00134 OK
[96/519] ssy_2022_A20221205.pdf series=3 pts=150 ticks=8 gap=0.07279 OK
[97/519] ssy_2022_A20221212.pdf series=3 pts=151 ticks=8 gap=0.09136 OK
[98/519] ssy_2022_A20221219.pdf series=3 pts=152 ticks=8 gap=0.15485 OK
[99/519] ssy_2022_P20220110.pdf series=1 pts=104 ticks=10 gap=0.04055 OK
[100/519] ssy_2022_P20220117.pdf series=2 pts=102 ticks=10 gap=0.39319 OK
[101/519] ssy_2022_P20220124.pdf series=2 pts=102 ticks=10 gap=0.13907 OK
[102/519] ssy_2022_P20220131.pdf series=2 pts=102 ticks=10 gap=0.03075 OK
[103/519] ssy_2022_P20220207.pdf series=2 pts=102 ticks=10 gap=0.11756 OK
[104/519] ssy_2022_P20220214.pdf series=2 pts=102 ticks=10 gap=0.1585 OK
[105/519] ssy_2022_P20220221.pdf series=2 pts=102 ticks=10 gap=0.30224 OK
[106/519] ssy_2022_P20220228.pdf series=2 pts=102 ticks=10 gap=0.29782 OK
[107/519] ssy_2022_P20220305.pdf series=3 pts=119 ticks=10 gap=0.01229 OK
[108/519] ssy_2022_P20220307.pdf series=2 pts=102 ticks=10 gap=0.31856 OK
[109/519] ssy_2022_P20220314.pdf series=2 pts=102 ticks=10 gap=0.38181 OK
[110/519] ssy_2022_P20220321.pdf series=2 pts=102 ticks=10 gap=0.54773 OK
[111/519] ssy_2022_P20220328.pdf series=2 pts=102 ticks=10 gap=0.52222 OK
[112/519] ssy_2022_P20220404.pdf series=2 pts=102 ticks=10 gap=0.4816 OK
[113/519] ssy_2022_P20220411.pdf series=2 pts=102 ticks=10 gap=0.46394 OK
[114/519] ssy_2022_P20220419.pdf series=2 pts=102 ticks=10 gap=0.40468 OK
[115/519] ssy_2022_P20220425.pdf series=2 pts=102 ticks=10 gap=0.43132 OK
[116/519] ssy_2022_P20220509.pdf series=3 pts=120 ticks=10 gap=0.09998 OK
[117/519] ssy_2022_P20220516.pdf series=3 pts=121 ticks=10 gap=0.14423 OK
[118/519] ssy_2022_P20220523.pdf series=3 pts=122 ticks=10 gap=0.01697 OK
[119/519] ssy_2022_P20220530.pdf series=3 pts=123 ticks=10 gap=0.23859 OK
[120/519] ssy_2022_P20220606.pdf series=3 pts=124 ticks=10 gap=0.00071 OK
[121/519] ssy_2022_P20220613.pdf series=3 pts=125 ticks=10 gap=0.13163 OK
[122/519] ssy_2022_P20220620.pdf series=3 pts=126 ticks=10 gap=0.00468 OK
[123/519] ssy_2022_P20220627.pdf series=3 pts=127 ticks=10 gap=0.16157 OK
[124/519] ssy_2022_P20220704.pdf series=3 pts=128 ticks=10 gap=0.07277 OK
[125/519] ssy_2022_P20220711.pdf series=3 pts=129 ticks=10 gap=0.09102 OK
[126/519] ssy_2022_P20220718.pdf series=3 pts=130 ticks=10 gap=0.03889 OK
[127/519] ssy_2022_P20220725.pdf series=3 pts=131 ticks=10 gap=0.08482 OK
[128/519] ssy_2022_P20220801.pdf series=3 pts=132 ticks=10 gap=0.24238 OK
[129/519] ssy_2022_P20220808.pdf series=3 pts=133 ticks=10 gap=0.25238 OK
[130/519] ssy_2022_P20220815.pdf series=3 pts=134 ticks=10 gap=0.13058 OK
[131/519] ssy_2022_P20220822.pdf series=3 pts=135 ticks=10 gap=0.18854 OK
[132/519] ssy_2022_P20220830.pdf series=3 pts=136 ticks=10 gap=0.10729 OK
[133/519] ssy_2022_P20220905.pdf series=3 pts=137 ticks=10 gap=0.02373 OK
[134/519] ssy_2022_P20220912.pdf series=3 pts=138 ticks=10 gap=0.13745 OK
[135/519] ssy_2022_P20220920.pdf series=3 pts=139 ticks=10 gap=0.1542 OK
[136/519] ssy_2022_P20220926.pdf series=3 pts=140 ticks=10 gap=0.06851 OK
[137/519] ssy_2022_P20221003.pdf series=3 pts=141 ticks=10 gap=0.17727 OK
[138/519] ssy_2022_P20221010.pdf series=3 pts=142 ticks=10 gap=0.02609 OK
[139/519] ssy_2022_P20221017.pdf series=3 pts=143 ticks=10 gap=0.10408 OK
[140/519] ssy_2022_P20221031.pdf series=3 pts=145 ticks=10 gap=0.17399 OK
[141/519] ssy_2022_P20221107.pdf series=3 pts=146 ticks=10 gap=0.18919 OK
[142/519] ssy_2022_P20221114.pdf series=3 pts=147 ticks=10 gap=0.0137 OK
[143/519] ssy_2022_P20221121.pdf series=3 pts=148 ticks=10 gap=0.18455 OK
[144/519] ssy_2022_P20221128.pdf series=3 pts=149 ticks=10 gap=0.00559 OK
[145/519] ssy_2022_P20221205.pdf series=3 pts=150 ticks=10 gap=0.1212 OK
[146/519] ssy_2022_P20221212.pdf series=3 pts=151 ticks=10 gap=0.0324 OK
[147/519] ssy_2022_P20221219.pdf series=3 pts=152 ticks=10 gap=0.01467 OK
[148/519] ssy_2023_20231027-Atlantic-Capesize-Report.pdf series=3 pts=148 ticks=6 gap=0.23803 OK
[149/519] ssy_2023_20231027-Pacific-Capesize-Report.pdf series=3 pts=148 ticks=5 gap=0.30346 OK
[150/519] ssy_2023_20231103-Atlantic-Capesize-Report.pdf series=3 pts=149 ticks=5 gap=0.05789 OK
[151/519] ssy_2023_20231103-Pacific-Capesize-Report.pdf series=3 pts=149 ticks=4 gap=0.07572 OK
[152/519] ssy_2023_20231110-Atlantic-Capesize-Report.pdf series=3 pts=150 ticks=6 gap=0.01756 OK
[153/519] ssy_2023_20231110-Pacific-Capesize-Report.pdf series=3 pts=150 ticks=5 gap=0.06654 OK
[154/519] ssy_2023_20231117-Atlantic-Capesize-Report.pdf series=3 pts=151 ticks=6 gap=0.00218 OK
[155/519] ssy_2023_20231117-Pacific-Capesize-Report.pdf series=3 pts=151 ticks=5 gap=0.02375 OK
[156/519] ssy_2023_20231124-Atlantic-Capesize-Report.pdf series=3 pts=152 ticks=6 gap=0.11073 OK
[157/519] ssy_2023_20231124-Pacific-Capesize-Report.pdf series=3 pts=152 ticks=5 gap=0.07095 OK
[158/519] ssy_2023_20231201-Atlantic-Capesize-Report.pdf series=3 pts=153 ticks=6 gap=0.51707 OK
[159/519] ssy_2023_20231201-Pacific-Capesize-Report.pdf series=3 pts=153 ticks=5 gap=0.32172 OK
[160/519] ssy_2023_20231208-Atlantic-Capesize-Report.pdf series=3 pts=154 ticks=6 gap=0.26562 OK
[161/519] ssy_2023_20231208-Pacific-Capesize-Report.pdf series=3 pts=154 ticks=5 gap=0.21935 OK
[162/519] ssy_2023_20231215-Atlantic-Capesize-Report.pdf series=3 pts=155 ticks=6 gap=0.17115 OK
[163/519] ssy_2023_20231215-Pacific-Capesize-Report.pdf series=3 pts=155 ticks=5 gap=0.0451 OK
[164/519] ssy_2023_A20230109.pdf series=1 pts=103 ticks=8 gap=0.27231 OK
[165/519] ssy_2023_A20230116.pdf series=2 pts=102 ticks=8 gap=0.12008 OK
[166/519] ssy_2023_A20230123.pdf series=2 pts=102 ticks=8 gap=0.20483 OK
[167/519] ssy_2023_A20230130.pdf series=2 pts=102 ticks=8 gap=0.34997 OK
[168/519] ssy_2023_A20230206.pdf series=2 pts=102 ticks=8 gap=0.42987 OK
[169/519] ssy_2023_A20230213.pdf series=2 pts=102 ticks=8 gap=0.51484 OK
[170/519] ssy_2023_A20230227.pdf series=2 pts=102 ticks=8 gap=0.62275 OK
[171/519] ssy_2023_A20230306.pdf series=2 pts=102 ticks=8 gap=0.49998 OK
[172/519] ssy_2023_A20230313.pdf series=2 pts=102 ticks=8 gap=0.29012 OK
[173/519] ssy_2023_A20230320.pdf series=2 pts=102 ticks=8 gap=0.12674 OK
[174/519] ssy_2023_A20230327.pdf series=2 pts=102 ticks=8 gap=0.11128 OK
[175/519] ssy_2023_A20230403.pdf series=2 pts=102 ticks=8 gap=0.13738 OK
[176/519] ssy_2023_A20230411.pdf series=2 pts=102 ticks=8 gap=0.15663 OK
[177/519] ssy_2023_A20230417.pdf series=2 pts=102 ticks=8 gap=0.03157 OK
[178/519] ssy_2023_A20230424.pdf series=2 pts=102 ticks=8 gap=0.02062 OK
[179/519] ssy_2023_A20230502.pdf series=2 pts=102 ticks=8 gap=0.04962 OK
[180/519] ssy_2023_A20230509.pdf series=3 pts=120 ticks=8 gap=0.07521 OK
[181/519] ssy_2023_A20230515.pdf series=3 pts=121 ticks=8 gap=0.05345 OK
[182/519] ssy_2023_A20230522.pdf series=3 pts=122 ticks=8 gap=0.15399 OK
[183/519] ssy_2023_A20230530.pdf series=3 pts=123 ticks=8 gap=0.17446 OK
[184/519] ssy_2023_A20230605.pdf series=3 pts=124 ticks=8 gap=0.24215 OK
[185/519] ssy_2023_A20230612.pdf series=3 pts=125 ticks=8 gap=0.0157 OK
[186/519] ssy_2023_A20230619.pdf series=3 pts=126 ticks=8 gap=0.05479 OK
[187/519] ssy_2023_A20230626.pdf series=3 pts=127 ticks=8 gap=0.06923 OK
[188/519] ssy_2023_A20230703.pdf series=3 pts=128 ticks=8 gap=0.18813 OK
[189/519] ssy_2023_A20230710.pdf series=3 pts=129 ticks=8 gap=0.13415 OK
[190/519] ssy_2023_A20230717.pdf series=3 pts=130 ticks=8 gap=0.0422 OK
[191/519] ssy_2023_A20230724.pdf series=3 pts=131 ticks=8 gap=0.16689 OK
[192/519] ssy_2023_A20230731.pdf series=3 pts=132 ticks=8 gap=0.03717 OK
[193/519] ssy_2023_A20230807.pdf series=3 pts=133 ticks=8 gap=0.0687 OK
[194/519] ssy_2023_A20230814.pdf series=3 pts=134 ticks=8 gap=0.10894 OK
[195/519] ssy_2023_A20230821.pdf series=3 pts=135 ticks=8 gap=0.07694 OK
[196/519] ssy_2023_A20230829.pdf series=3 pts=136 ticks=8 gap=0.21778 OK
[197/519] ssy_2023_A20230904.pdf series=3 pts=137 ticks=8 gap=0.16502 OK
[198/519] ssy_2023_A20230911.pdf series=3 pts=138 ticks=8 gap=0.02273 OK
[199/519] ssy_2023_A20230918.pdf series=3 pts=139 ticks=8 gap=0.00604 OK
[200/519] ssy_2023_A20230925.pdf series=3 pts=140 ticks=8 gap=0.0471 OK
[201/519] ssy_2023_A20231002.pdf series=3 pts=141 ticks=8 gap=0.03331 OK
[202/519] ssy_2023_A20231009.pdf series=3 pts=142 ticks=8 gap=0.08129 OK
[203/519] ssy_2023_A20231016.pdf series=3 pts=143 ticks=8 gap=0.04961 OK
[204/519] ssy_2023_A20231023.pdf series=3 pts=143 ticks=5 gap=0.01103 OK
[205/519] ssy_2023_P20230109.pdf series=1 pts=103 ticks=10 gap=0.26768 OK
[206/519] ssy_2023_P20230116.pdf series=2 pts=102 ticks=10 gap=0.24516 OK
[207/519] ssy_2023_P20230123.pdf series=2 pts=102 ticks=10 gap=0.35954 OK
[208/519] ssy_2023_P20230130.pdf series=2 pts=102 ticks=10 gap=0.48813 OK
[209/519] ssy_2023_P20230206.pdf series=2 pts=102 ticks=10 gap=0.56145 OK
[210/519] ssy_2023_P20230213.pdf series=2 pts=102 ticks=10 gap=0.63376 OK
[211/519] ssy_2023_P20230227.pdf series=2 pts=102 ticks=10 gap=0.6396 OK
[212/519] ssy_2023_P20230306.pdf series=2 pts=102 ticks=10 gap=0.47894 OK
[213/519] ssy_2023_P20230313.pdf series=2 pts=102 ticks=10 gap=0.24407 OK
[214/519] ssy_2023_P20230320.pdf series=2 pts=102 ticks=10 gap=0.09387 OK
[215/519] ssy_2023_P20230327.pdf series=2 pts=102 ticks=10 gap=0.02378 OK
[216/519] ssy_2023_P20230403.pdf series=2 pts=102 ticks=10 gap=0.03987 OK
[217/519] ssy_2023_P20230411.pdf series=2 pts=102 ticks=10 gap=0.08157 OK
[218/519] ssy_2023_P20230417.pdf series=2 pts=102 ticks=10 gap=0.00262 OK
[219/519] ssy_2023_P20230424.pdf series=2 pts=102 ticks=10 gap=0.01233 OK
[220/519] ssy_2023_P20230502.pdf series=3 pts=119 ticks=10 gap=0.0322 OK
[221/519] ssy_2023_P20230509.pdf series=3 pts=120 ticks=10 gap=0.0874 OK
[222/519] ssy_2023_P20230515.pdf series=3 pts=121 ticks=10 gap=0.0763 OK
[223/519] ssy_2023_P20230522.pdf series=3 pts=122 ticks=10 gap=0.12549 OK
[224/519] ssy_2023_P20230530.pdf series=3 pts=123 ticks=10 gap=0.15343 OK
[225/519] ssy_2023_P20230605.pdf series=3 pts=124 ticks=10 gap=0.33134 OK
[226/519] ssy_2023_P20230612.pdf series=3 pts=125 ticks=10 gap=0.02579 OK
[227/519] ssy_2023_P20230619.pdf series=3 pts=126 ticks=10 gap=0.09829 OK
[228/519] ssy_2023_P20230626.pdf series=3 pts=127 ticks=10 gap=0.00318 OK
[229/519] ssy_2023_P20230703.pdf series=3 pts=128 ticks=10 gap=0.13475 OK
[230/519] ssy_2023_P20230710.pdf series=3 pts=129 ticks=10 gap=0.1415 OK
[231/519] ssy_2023_P20230717.pdf series=3 pts=130 ticks=10 gap=0.12019 OK
[232/519] ssy_2023_P20230724.pdf series=3 pts=131 ticks=10 gap=0.14194 OK
[233/519] ssy_2023_P20230731.pdf series=3 pts=132 ticks=10 gap=0.04251 OK
[234/519] ssy_2023_P20230807.pdf series=3 pts=133 ticks=10 gap=0.06468 OK
[235/519] ssy_2023_P20230814.pdf series=3 pts=134 ticks=10 gap=0.15905 OK
[236/519] ssy_2023_P20230821.pdf series=3 pts=135 ticks=10 gap=0.0464 OK
[237/519] ssy_2023_P20230829.pdf series=3 pts=136 ticks=10 gap=0.18118 OK
[238/519] ssy_2023_P20230904.pdf series=3 pts=137 ticks=10 gap=0.10526 OK
[239/519] ssy_2023_P20230911.pdf series=3 pts=138 ticks=10 gap=0.08375 OK
[240/519] ssy_2023_P20230918.pdf series=3 pts=139 ticks=10 gap=0.02258 OK
[241/519] ssy_2023_P20230925.pdf series=3 pts=140 ticks=10 gap=0.0433 OK
[242/519] ssy_2023_P20231002.pdf series=3 pts=141 ticks=10 gap=0.02556 OK
[243/519] ssy_2023_P20231009.pdf series=3 pts=142 ticks=10 gap=0.09025 OK
[244/519] ssy_2023_P20231016.pdf series=3 pts=143 ticks=10 gap=0.08775 OK
[245/519] ssy_2023_P20231023.pdf series=3 pts=143 ticks=5 gap=0.00089 OK
[246/519] ssy_2024_20240108-Atlantic-Capesize-Report.pdf series=2 pts=104 ticks=5 gap=0.14319 OK
[247/519] ssy_2024_20240108-Pacific-Capesize-Report.pdf series=2 pts=104 ticks=3 gap=0.20218 OK
[248/519] ssy_2024_20240112-Atlantic-Capesize-Report.pdf series=2 pts=104 ticks=5 gap=0.23709 OK
[249/519] ssy_2024_20240112-Pacific-Capesize-Report.pdf series=2 pts=104 ticks=5 gap=0.20486 OK
[250/519] ssy_2024_20240119-Atlantic-Capesize-Report.pdf series=2 pts=104 ticks=5 gap=0.03428 OK
[251/519] ssy_2024_20240119-Pacific-Capesize-Report.pdf series=2 pts=104 ticks=5 gap=0.06039 OK
[252/519] ssy_2024_20240126-Atlantic-Capesize-Report.pdf series=2 pts=104 ticks=5 gap=0.02378 OK
[253/519] ssy_2024_20240126-Pacific-Capesize-Report.pdf series=2 pts=104 ticks=5 gap=0.01396 OK
[254/519] ssy_2024_20240202-Atlantic-Capesize-Report.pdf series=2 pts=104 ticks=5 gap=0.05805 OK
[255/519] ssy_2024_20240202-Pacific-Capesize-Report.pdf series=2 pts=104 ticks=5 gap=0.09273 OK
[256/519] ssy_2024_20240209-Atlantic-Capesize-Report.pdf series=2 pts=104 ticks=5 gap=0.06447 OK
[257/519] ssy_2024_20240209-Pacific-Capesize-Report.pdf series=2 pts=104 ticks=5 gap=0.05763 OK
[258/519] ssy_2024_20240216-Atlantic-Capesize-Report.pdf series=2 pts=104 ticks=5 gap=0.01187 OK
[259/519] ssy_2024_20240216-Pacific-Capesize-Report.pdf series=2 pts=104 ticks=5 gap=0.06632 OK
[260/519] ssy_2024_20240223-Atlantic-Capesize-Report.pdf series=2 pts=104 ticks=5 gap=0.00913 OK
[261/519] ssy_2024_20240223-Pacific-Capesize-Report.pdf series=2 pts=104 ticks=5 gap=0.06478 OK
[262/519] ssy_2024_20240301-Atlantic-Capesize-Report.pdf series=2 pts=104 ticks=5 gap=0.09683 OK
[263/519] ssy_2024_20240301-Pacific-Capesize-Report.pdf series=2 pts=104 ticks=5 gap=0.19232 OK
[264/519] ssy_2024_20240308-Atlantic-Capesize-Report.pdf series=2 pts=104 ticks=5 gap=0.19191 OK
[265/519] ssy_2024_20240308-Pacific-Capesize-Report.pdf series=2 pts=104 ticks=5 gap=0.34335 OK
[266/519] ssy_2024_20240315-Atlantic-Capesize-Report.pdf series=3 pts=115 ticks=5 gap=0.02411 OK
[267/519] ssy_2024_20240315-Pacific-Capesize-Report.pdf series=3 pts=115 ticks=5 gap=0.09914 OK
[268/519] ssy_2024_20240322-Atlantic-Capesize-Report.pdf series=3 pts=116 ticks=5 gap=0.12079 OK
[269/519] ssy_2024_20240322-Pacific-Capesize-Report.pdf series=3 pts=116 ticks=5 gap=0.11641 OK
[270/519] ssy_2024_20240328-Atlantic-Capesize-Report.pdf series=3 pts=117 ticks=5 gap=0.15834 OK
[271/519] ssy_2024_20240328-Pacific-Capesize-Report.pdf series=3 pts=117 ticks=5 gap=0.19946 OK
[272/519] ssy_2024_20240405-Atlantic-Capesize-Report.pdf series=3 pts=118 ticks=5 gap=0.07755 OK
[273/519] ssy_2024_20240405-Pacific-Capesize-Report.pdf series=3 pts=118 ticks=5 gap=0.11236 OK
[274/519] ssy_2024_20240412-Atlantic-Capesize-Report.pdf series=3 pts=119 ticks=5 gap=0.00941 OK
[275/519] ssy_2024_20240412-Pacific-Capesize-Report.pdf series=3 pts=119 ticks=5 gap=0.04528 OK
[276/519] ssy_2024_20240419-Atlantic-Capesize-Report.pdf series=3 pts=120 ticks=5 gap=0.00788 OK
[277/519] ssy_2024_20240419-Pacific-Capesize-Report.pdf series=3 pts=120 ticks=5 gap=0.03045 OK
[278/519] ssy_2024_20240426-Atlantic-Capesize-Report.pdf series=3 pts=121 ticks=5 gap=0.1397 OK
[279/519] ssy_2024_20240426-Pacific-Capesize-Report.pdf series=3 pts=121 ticks=5 gap=0.15539 OK
[280/519] ssy_2024_20240503-Atlantic-Capesize-Report.pdf series=3 pts=122 ticks=5 gap=0.0793 OK
[281/519] ssy_2024_20240503-Pacific-Capesize-Report.pdf series=3 pts=122 ticks=5 gap=0.03967 OK
[282/519] ssy_2024_20240510-Atlantic-Capesize-Report.pdf series=3 pts=123 ticks=5 gap=0.0651 OK
[283/519] ssy_2024_20240510-Pacific-Capesize-Report.pdf series=3 pts=123 ticks=5 gap=0.03796 OK
[284/519] ssy_2024_20240517-Atlantic-Capesize-Report.pdf series=3 pts=124 ticks=5 gap=0.1348 OK
[285/519] ssy_2024_20240517-Pacific-Capesize-Report.pdf series=3 pts=124 ticks=5 gap=0.15157 OK
[286/519] ssy_2024_20240531-Atlantic-Capesize-Report.pdf series=3 pts=126 ticks=5 gap=0.03535 OK
[287/519] ssy_2024_20240531-Pacific-Capesize-Report.pdf series=3 pts=126 ticks=5 gap=0.01891 OK
[288/519] ssy_2024_20240607-Atlantic-Capesize-Report.pdf series=3 pts=127 ticks=5 gap=0.00496 OK
[289/519] ssy_2024_20240607-Pacific-Capesize-Report.pdf series=3 pts=127 ticks=5 gap=0.00182 OK
[290/519] ssy_2024_20240614-Atlantic-Capesize-Report.pdf series=3 pts=128 ticks=5 gap=0.022 OK
[291/519] ssy_2024_20240614-Pacific-Capesize-Report.pdf series=3 pts=128 ticks=5 gap=0.04055 OK
[292/519] ssy_2024_20240628-Atlantic-Capesize-Report.pdf series=3 pts=130 ticks=5 gap=0.04796 OK
[293/519] ssy_2024_20240628-Pacific-Capesize-Report.pdf series=3 pts=130 ticks=5 gap=0.00741 OK
[294/519] ssy_2024_20240705-Atlantic-Capesize-Report.pdf series=3 pts=131 ticks=5 gap=0.02496 OK
[295/519] ssy_2024_20240705-Pacific-Capesize-Report.pdf series=3 pts=131 ticks=5 gap=0.08197 OK
[296/519] ssy_2024_20240712-Atlantic-Capesize-Report.pdf series=3 pts=132 ticks=5 gap=0.03603 OK
[297/519] ssy_2024_20240712-Pacific-Capesize-Report.pdf series=3 pts=132 ticks=5 gap=0.06466 OK
[298/519] ssy_2024_20240719-Atlantic-Capesize-Report.pdf series=3 pts=133 ticks=5 gap=0.08672 OK
[299/519] ssy_2024_20240719-Pacific-Capesize-Report.pdf series=3 pts=133 ticks=5 gap=0.08933 OK
[300/519] ssy_2024_20240726-Atlantic-Capesize-Report.pdf series=3 pts=134 ticks=5 gap=0.09545 OK
[301/519] ssy_2024_20240726-Pacific-Capesize-Report.pdf series=3 pts=134 ticks=5 gap=0.08117 OK
[302/519] ssy_2024_20240802-Atlantic-Capesize-Report.pdf series=3 pts=135 ticks=5 gap=0.23413 OK
[303/519] ssy_2024_20240802-Pacific-Capesize-Report.pdf series=3 pts=135 ticks=5 gap=0.03789 OK
[304/519] ssy_2024_20240809-Atlantic-Capesize-Report.pdf series=3 pts=136 ticks=5 gap=0.01581 OK
[305/519] ssy_2024_20240809-Pacific-Capesize-Report.pdf series=3 pts=136 ticks=5 gap=0.00396 OK
[306/519] ssy_2024_20240816-Atlantic-Capesize-Report.pdf series=3 pts=137 ticks=5 gap=0.04061 OK
[307/519] ssy_2024_20240816-Pacific-Capesize-Report.pdf series=3 pts=137 ticks=5 gap=0.01493 OK
[308/519] ssy_2024_20240823-Atlantic-Capesize-Report.pdf series=3 pts=138 ticks=5 gap=0.02354 OK
[309/519] ssy_2024_20240823-Pacific-Capesize-Report.pdf series=3 pts=138 ticks=5 gap=0.01283 OK
[310/519] ssy_2024_20240830-Atlantic-Capesize-Report.pdf series=3 pts=139 ticks=5 gap=0.06683 OK
[311/519] ssy_2024_20240830-Pacific-Capesize-Report.pdf series=3 pts=139 ticks=5 gap=0.02712 OK
[312/519] ssy_2024_20240906-Atlantic-Capesize-Report.pdf series=3 pts=140 ticks=5 gap=0.02609 OK
[313/519] ssy_2024_20240906-Pacific-Capesize-Report.pdf series=3 pts=140 ticks=5 gap=0.006 OK
[314/519] ssy_2024_20240913-Atlantic-Capesize-Report.pdf series=3 pts=141 ticks=5 gap=0.08607 OK
[315/519] ssy_2024_20240913-Pacific-Capesize-Report.pdf series=3 pts=141 ticks=5 gap=0.08079 OK
[316/519] ssy_2024_20240920-Atlantic-Capesize-Report.pdf series=3 pts=142 ticks=5 gap=0.00277 OK
[317/519] ssy_2024_20240920-Pacific-Capesize-Report.pdf series=3 pts=142 ticks=5 gap=0.00374 OK
[318/519] ssy_2024_20240927-Atlantic-Capesize-Report.pdf series=3 pts=143 ticks=5 gap=0.07384 OK
[319/519] ssy_2024_20240927-Pacific-Capesize-Report.pdf series=3 pts=143 ticks=5 gap=0.00398 OK
[320/519] ssy_2024_20241004-Atlantic-Capesize-Report.pdf series=3 pts=144 ticks=5 gap=0.09571 OK
[321/519] ssy_2024_20241004-Pacific-Capesize-Report.pdf series=3 pts=144 ticks=5 gap=0.09291 OK
[322/519] ssy_2024_20241011-Atlantic-Capesize-Report.pdf series=3 pts=145 ticks=5 gap=0.09103 OK
[323/519] ssy_2024_20241011-Pacific-Capesize-Report.pdf series=3 pts=145 ticks=5 gap=0.09538 OK
[324/519] ssy_2024_20241018-Atlantic-Capesize-Report.pdf series=3 pts=146 ticks=5 gap=0.14705 OK
[325/519] ssy_2024_20241018-Pacific-Capesize-Report.pdf series=3 pts=146 ticks=5 gap=0.15266 OK
[326/519] ssy_2024_20241025-Atlantic-Capesize-Report.pdf series=3 pts=147 ticks=5 gap=0.1299 OK
[327/519] ssy_2024_20241025-Pacific-Capesize-Report.pdf series=3 pts=147 ticks=5 gap=0.10343 OK
[328/519] ssy_2024_20241101-Atlantic-Capesize-Report.pdf series=3 pts=148 ticks=5 gap=0.02227 OK
[329/519] ssy_2024_20241101-Pacific-Capesize-Report.pdf series=3 pts=148 ticks=5 gap=0.07541 OK
[330/519] ssy_2024_20241108-Atlantic-Capesize-Report.pdf series=3 pts=149 ticks=5 gap=0.0496 OK
[331/519] ssy_2024_20241108-Pacific-Capesize-Report.pdf series=3 pts=149 ticks=5 gap=0.07214 OK
[332/519] ssy_2024_20241115-Atlantic-Capesize-Report.pdf series=3 pts=150 ticks=5 gap=0.10904 OK
[333/519] ssy_2024_20241115-Pacific-Capesize-Report.pdf series=3 pts=150 ticks=5 gap=0.10913 OK
[334/519] ssy_2024_20241122-Atlantic-Capesize-Report.pdf series=3 pts=151 ticks=5 gap=0.12039 OK
[335/519] ssy_2024_20241122-Pacific-Capesize-Report.pdf series=3 pts=151 ticks=5 gap=0.12622 OK
[336/519] ssy_2024_20241129-Atlantic-Capesize-Report.pdf series=3 pts=152 ticks=5 gap=0.14658 OK
[337/519] ssy_2024_20241129-Pacific-Capesize-Report.pdf series=3 pts=152 ticks=5 gap=0.15366 OK
[338/519] ssy_2024_20241206-Atlantic-Capesize-Report.pdf series=3 pts=153 ticks=5 gap=0.15849 OK
[339/519] ssy_2024_20241206-Pacific-Capesize-Report.pdf series=3 pts=153 ticks=5 gap=0.20987 OK
[340/519] ssy_2024_20241213-Atlantic-Capesize-Report.pdf series=3 pts=154 ticks=5 gap=0.07859 OK
[341/519] ssy_2024_20241213-Pacific-Capesize-Report.pdf series=3 pts=154 ticks=5 gap=0.16666 OK
[342/519] ssy_2024_20241220-Atlantic-Capesize-Report.pdf series=3 pts=155 ticks=5 gap=0.06177 OK
[343/519] ssy_2024_20241220-Pacific-Capesize-Report.pdf series=3 pts=155 ticks=5 gap=0.11099 OK
[344/519] ssy_2025_20250103-Atlantic-Capesize-Report.pdf series=2 pts=102 ticks=5 gap=0.64445 OK
[345/519] ssy_2025_20250103-Pacific-Capesize-Report.pdf series=2 pts=102 ticks=21 gap=2.4465 OK
[346/519] ssy_2025_20250110-Atlantic-Capesize-Report.pdf series=2 pts=102 ticks=5 gap=0.51124 OK
[347/519] ssy_2025_20250110-Pacific-Capesize-Report.pdf series=2 pts=102 ticks=5 gap=0.60605 OK
[348/519] ssy_2025_20250117-Atlantic-Capesize-Report.pdf series=2 pts=102 ticks=5 gap=0.45623 OK
[349/519] ssy_2025_20250117-Pacific-Capesize-Report.pdf series=2 pts=102 ticks=5 gap=0.7224 OK
[350/519] ssy_2025_20250124-Atlantic-Capesize-Report.pdf series=2 pts=102 ticks=5 gap=0.47705 OK
[351/519] ssy_2025_20250124-Pacific-Capesize-Report.pdf series=2 pts=102 ticks=5 gap=0.71022 OK
[352/519] ssy_2025_20250131-Atlantic-Capesize-Report.pdf series=2 pts=102 ticks=5 gap=0.62446 OK
[353/519] ssy_2025_20250131-Pacific-Capesize-Report.pdf series=2 pts=102 ticks=5 gap=0.8688 OK
[354/519] ssy_2025_20250207-Atlantic-Capesize-Report.pdf series=2 pts=102 ticks=5 gap=0.67598 OK
[355/519] ssy_2025_20250207-Pacific-Capesize-Report.pdf series=2 pts=102 ticks=5 gap=0.88083 OK
[356/519] ssy_2025_20250214-Atlantic-Capesize-Report.pdf series=2 pts=102 ticks=5 gap=0.74193 OK
[357/519] ssy_2025_20250214-Pacific-Capesize-Report.pdf series=2 pts=102 ticks=5 gap=0.80863 OK
[358/519] ssy_2025_20250221-Atlantic-Capesize-Report.pdf series=2 pts=102 ticks=5 gap=0.78524 OK
[359/519] ssy_2025_20250221-Pacific-Capesize-Report.pdf series=2 pts=102 ticks=5 gap=0.97268 OK
[360/519] ssy_2025_20250228-Atlantic-Capesize-Report.pdf series=2 pts=102 ticks=5 gap=0.65321 OK
[361/519] ssy_2025_20250228-Pacific-Capesize-Report.pdf series=2 pts=102 ticks=5 gap=0.81048 OK
[362/519] ssy_2025_20250307-Atlantic-Capesize-Report.pdf series=2 pts=102 ticks=5 gap=0.47659 OK
[363/519] ssy_2025_20250307-Pacific-Capesize-Report.pdf series=2 pts=102 ticks=5 gap=0.28738 OK
[364/519] ssy_2025_20250314-Atlantic-Capesize-Report.pdf series=3 pts=113 ticks=5 gap=0.03955 OK
[365/519] ssy_2025_20250314-Pacific-Capesize-Report.pdf series=3 pts=113 ticks=5 gap=0.05505 OK
[366/519] ssy_2025_20250321-Atlantic-Capesize-Report.pdf series=3 pts=114 ticks=5 gap=0.03719 OK
[367/519] ssy_2025_20250321-Pacific-Capesize-Report.pdf series=3 pts=114 ticks=5 gap=0.06936 OK
[368/519] ssy_2025_20250328-Atlantic-Capesize-Report.pdf series=3 pts=115 ticks=5 gap=0.0706 OK
[369/519] ssy_2025_20250328-Pacific-Capesize-Report.pdf series=3 pts=115 ticks=5 gap=0.09771 OK
[370/519] ssy_2025_20250404-Atlantic-Capesize-Report.pdf series=3 pts=116 ticks=5 gap=0.11553 OK
[371/519] ssy_2025_20250404-Pacific-Capesize-Report.pdf series=3 pts=116 ticks=5 gap=0.06282 OK
[372/519] ssy_2025_20250411-Atlantic-Capesize-Report.pdf series=3 pts=117 ticks=5 gap=0.1495 OK
[373/519] ssy_2025_20250411-Pacific-Capesize-Report.pdf series=3 pts=117 ticks=5 gap=0.1484 OK
[374/519] ssy_2025_20250417-Atlantic-Capesize-Report.pdf series=3 pts=118 ticks=5 gap=0.0713 OK
[375/519] ssy_2025_20250417-Pacific-Capesize-Report.pdf series=3 pts=118 ticks=5 gap=0.09381 OK
[376/519] ssy_2025_20250425-Atlantic-Capesize-Report.pdf series=3 pts=119 ticks=5 gap=0.01532 OK
[377/519] ssy_2025_20250425-Pacific-Capesize-Report.pdf series=3 pts=119 ticks=5 gap=0.00708 OK
[378/519] ssy_2025_20250502-Atlantic-Capesize-Report.pdf series=3 pts=120 ticks=5 gap=0.01425 OK
[379/519] ssy_2025_20250502-Pacific-Capesize-Report.pdf series=3 pts=120 ticks=5 gap=0.0319 OK
[380/519] ssy_2025_20250509-Atlantic-Capesize-Report.pdf series=3 pts=121 ticks=5 gap=0.15063 OK
[381/519] ssy_2025_20250509-Pacific-Capesize-Report.pdf series=3 pts=121 ticks=5 gap=0.1451 OK
[382/519] ssy_2025_20250516-Atlantic-Capesize-Report.pdf series=3 pts=122 ticks=5 gap=0.04686 OK
[383/519] ssy_2025_20250516-Pacific-Capesize-Report.pdf series=3 pts=122 ticks=5 gap=0.02712 OK
[384/519] ssy_2025_20250523-Atlantic-Capesize-Report.pdf series=3 pts=123 ticks=5 gap=0.0844 OK
[385/519] ssy_2025_20250523-Pacific-Capesize-Report.pdf series=3 pts=123 ticks=5 gap=0.03579 OK
[386/519] ssy_2025_20250530-Atlantic-Capesize-Report.pdf series=3 pts=124 ticks=5 gap=0.07013 OK
[387/519] ssy_2025_20250530-Pacific-Capesize-Report.pdf series=3 pts=124 ticks=5 gap=0.0497 OK
[388/519] ssy_2025_20250606-Atlantic-Capesize-Report.pdf series=3 pts=125 ticks=5 gap=0.07589 OK
[389/519] ssy_2025_20250606-Pacific-Capesize-Report.pdf series=3 pts=125 ticks=5 gap=0.12348 OK
[390/519] ssy_2025_20250613-Atlantic-Capesize-Report.pdf series=3 pts=126 ticks=5 gap=0.17685 OK
[391/519] ssy_2025_20250613-Pacific-Capesize-Report.pdf series=3 pts=126 ticks=5 gap=0.07467 OK
[392/519] ssy_2025_20250620-Atlantic-Capesize-Report.pdf series=3 pts=127 ticks=5 gap=0.16613 OK
[393/519] ssy_2025_20250620-Pacific-Capesize-Report.pdf series=3 pts=127 ticks=5 gap=0.177 OK
[394/519] ssy_2025_20250627-Atlantic-Capesize-Report.pdf series=3 pts=128 ticks=5 gap=0.15624 OK
[395/519] ssy_2025_20250627-Pacific-Capesize-Report.pdf series=3 pts=128 ticks=5 gap=0.22595 OK
[396/519] ssy_2025_20250704-Atlantic-Capesize-Report.pdf series=3 pts=129 ticks=5 gap=0.19074 OK
[397/519] ssy_2025_20250704-Pacific-Capesize-Report-1.pdf series=3 pts=129 ticks=5 gap=0.13583 OK
[398/519] ssy_2025_20250711-Atlantic-Capesize-Report.pdf series=3 pts=130 ticks=5 gap=0.01488 OK
[399/519] ssy_2025_20250711-Pacific-Capesize-Report.pdf series=3 pts=130 ticks=5 gap=0.08193 OK
[400/519] ssy_2025_20250718-Atlantic-Capesize-Report.pdf series=3 pts=131 ticks=5 gap=0.13875 OK
[401/519] ssy_2025_20250718-Pacific-Capesize-Report.pdf series=3 pts=131 ticks=5 gap=0.08235 OK
[402/519] ssy_2025_20250725-Atlantic-Capesize-Report.pdf series=3 pts=132 ticks=5 gap=0.10669 OK
[403/519] ssy_2025_20250725-Pacific-Capesize-Report.pdf series=3 pts=132 ticks=5 gap=0.05553 OK
[404/519] ssy_2025_20250801-Atlantic-Capesize-Report.pdf series=3 pts=133 ticks=5 gap=0.13687 OK
[405/519] ssy_2025_20250801-Pacific-Capesize-Report.pdf series=3 pts=133 ticks=5 gap=0.05655 OK
[406/519] ssy_2025_20250808-Atlantic-Capesize-Report.pdf series=3 pts=134 ticks=5 gap=0.05012 OK
[407/519] ssy_2025_20250808-Pacific-Capesize-Report.pdf series=3 pts=134 ticks=5 gap=0.0102 OK
[408/519] ssy_2025_20250822-Atlantic-Capesize-Report.pdf series=3 pts=136 ticks=5 gap=0.14752 OK
[409/519] ssy_2025_20250822-Pacific-Capesize-Report.pdf series=3 pts=136 ticks=5 gap=0.1018 OK
[410/519] ssy_2025_20250829-Atlantic-Capesize-Report.pdf series=3 pts=137 ticks=5 gap=0.0278 OK
[411/519] ssy_2025_20250829-Pacific-Capesize-Report.pdf series=3 pts=137 ticks=5 gap=0.0275 OK
[412/519] ssy_2025_20250905-Atlantic-Capesize-Report.pdf series=3 pts=138 ticks=5 gap=0.07311 OK
[413/519] ssy_2025_20250905-Pacific-Capesize-Report.pdf series=3 pts=138 ticks=5 gap=0.06173 OK
[414/519] ssy_2025_20250912-Atlantic-Capesize-Report.pdf series=3 pts=139 ticks=5 gap=0.01748 OK
[415/519] ssy_2025_20250912-Pacific-Capesize-Report.pdf series=3 pts=139 ticks=5 gap=0.00766 OK
[416/519] ssy_2025_20250919-Atlantic-Capesize-Report.pdf series=3 pts=140 ticks=5 gap=0.02531 OK
[417/519] ssy_2025_20250919-Pacific-Capesize-Report.pdf series=3 pts=140 ticks=5 gap=0.01379 OK
[418/519] ssy_2025_20250926-Atlantic-Capesize-Report.pdf series=3 pts=141 ticks=5 gap=0.02096 OK
[419/519] ssy_2025_20250926-Pacific-Capesize-Report.pdf series=3 pts=141 ticks=5 gap=0.0201 OK
[420/519] ssy_2025_20251003-Atlantic-Capesize-Report.pdf series=3 pts=142 ticks=5 gap=0.18443 OK
[421/519] ssy_2025_20251003-Pacific-Capesize-Report.pdf series=3 pts=142 ticks=5 gap=0.19287 OK
[422/519] ssy_2025_20251010-Atlantic-Capesize-Report.pdf series=3 pts=143 ticks=5 gap=0.0719 OK
[423/519] ssy_2025_20251010-Pacific-Capesize-Report.pdf series=3 pts=143 ticks=5 gap=0.03228 OK
[424/519] ssy_2025_20251017-Atlantic-Capesize-Report-1.pdf series=3 pts=144 ticks=5 gap=0.01097 OK
[425/519] ssy_2025_20251017-Pacific-Capesize-Report-1.pdf series=3 pts=144 ticks=5 gap=0.02147 OK
[426/519] ssy_2025_20251024-Atlantic-Capesize-Report.pdf series=3 pts=145 ticks=5 gap=0.09842 OK
[427/519] ssy_2025_20251024-Pacific-Capesize-Report.pdf series=3 pts=145 ticks=5 gap=0.1051 OK
[428/519] ssy_2025_20251031-Atlantic-Capesize-Report.pdf series=3 pts=146 ticks=5 gap=0.02534 OK
[429/519] ssy_2025_20251031-Pacific-Capesize-Report.pdf series=3 pts=146 ticks=5 gap=0.05185 OK
[430/519] ssy_2025_20251107-Atlantic-Capesize-Report.pdf series=3 pts=147 ticks=5 gap=0.00773 OK
[431/519] ssy_2025_20251107-Pacific-Capesize-Report.pdf series=3 pts=147 ticks=5 gap=0.01954 OK
[432/519] ssy_2025_20251114-Atlantic-Capesize-Report.pdf series=3 pts=148 ticks=5 gap=0.05576 OK
[433/519] ssy_2025_20251114-Pacific-Capesize-Report.pdf series=3 pts=148 ticks=5 gap=0.04698 OK
[434/519] ssy_2025_20251121-Atlantic-Capesize-Report.pdf series=3 pts=149 ticks=5 gap=0.04209 OK
[435/519] ssy_2025_20251121-Pacific-Capesize-Report.pdf series=3 pts=149 ticks=5 gap=0.00553 OK
[436/519] ssy_2025_20251128-Atlantic-Capesize-Report.pdf series=3 pts=150 ticks=5 gap=0.07685 OK
[437/519] ssy_2025_20251128-Pacific-Capesize-Report.pdf series=3 pts=150 ticks=5 gap=0.08459 OK
[438/519] ssy_2025_20251205-Atlantic-Capesize-Report.pdf series=3 pts=151 ticks=5 gap=0.06028 OK
[439/519] ssy_2025_20251205-Pacific-Capesize-Report.pdf series=3 pts=151 ticks=5 gap=0.01015 OK
[440/519] ssy_2025_20251212-Pacific-Capesize-Report.pdf series=3 pts=152 ticks=5 gap=0.20855 OK
[441/519] ssy_2025_SSY_Atlantic_2025-08-15.pdf series=3 pts=135 ticks=5 gap=0.06308 OK
[442/519] ssy_2025_SSY_Atlantic_2025-12-19.pdf series=3 pts=153 ticks=5 gap=0.03299 OK
[443/519] ssy_2025_SSY_Pacific_2025-08-15.pdf series=3 pts=135 ticks=5 gap=0.07702 OK
[444/519] ssy_2025_SSY_Pacific_2025-12-19.pdf series=3 pts=153 ticks=5 gap=0.05288 OK
[445/519] ssy_14_09_2026_ssy_atlantic_capesize_index_14_september_2026.pdf series=3 pts=138 ticks=5 gap=0.03602 OK
[446/519] ssy_14_09_2026_ssy_pacific_capesize_index_14_september_2026.pdf series=3 pts=138 ticks=5 gap=0.04229 OK
[447/519] ssy_2026_20260116-Atlantic-Capesize-Report.pdf series=2 pts=102 ticks=5 gap=0.34173 OK
[448/519] ssy_2026_20260116-Pacific-Capesize-Report.pdf series=2 pts=102 ticks=3 gap=0.36513 OK
[449/519] ssy_2026_20260123-Atlantic-Capesize-Report.pdf series=2 pts=102 ticks=5 gap=0.27589 OK
[450/519] ssy_2026_20260123-Pacific-Capesize-Report.pdf series=2 pts=102 ticks=3 gap=0.31083 OK
[451/519] ssy_2026_20260130-Atlantic-Capesize-Report.pdf series=2 pts=102 ticks=5 gap=0.35056 OK
[452/519] ssy_2026_20260130-Pacific-Capesize-Report.pdf series=2 pts=102 ticks=3 gap=0.36437 OK
[453/519] ssy_2026_20260206-Atlantic-Capesize-Report.pdf series=2 pts=102 ticks=5 gap=0.46903 OK
[454/519] ssy_2026_20260206-Pacific-Capesize-Report.pdf series=2 pts=102 ticks=3 gap=0.47526 OK
[455/519] ssy_2026_20260213-Atlantic-Capesize-Report.pdf series=2 pts=102 ticks=5 gap=0.41222 OK
[456/519] ssy_2026_20260213-Pacific-Capesize-Report.pdf series=2 pts=102 ticks=3 gap=0.41732 OK
[457/519] ssy_2026_20260220-Atlantic-Capesize-Report.pdf series=2 pts=102 ticks=5 gap=0.42421 OK
[458/519] ssy_2026_20260220-Pacific-Capesize-Report.pdf series=2 pts=102 ticks=3 gap=0.44284 OK
[459/519] ssy_2026_20260227-Atlantic-Capesize-Report.pdf series=2 pts=102 ticks=5 gap=0.40144 OK
[460/519] ssy_2026_20260227-Pacific-Capesize-Report.pdf series=2 pts=102 ticks=3 gap=0.442 OK
[461/519] ssy_2026_20260306-Atlantic-Capesize-Report.pdf series=2 pts=102 ticks=5 gap=0.37739 OK
[462/519] ssy_2026_20260306-Pacific-Capesize-Report.pdf series=2 pts=102 ticks=3 gap=0.45277 OK
[463/519] ssy_2026_20260313-Atlantic-Capesize-Report.pdf series=2 pts=102 ticks=5 gap=0.39037 OK
[464/519] ssy_2026_20260313-Pacific-Capesize-Report.pdf series=2 pts=102 ticks=3 gap=0.45083 OK
[465/519] ssy_2026_20260320-Atlantic-Capesize-Report.pdf series=3 pts=113 ticks=5 gap=0.0396 OK
[466/519] ssy_2026_20260320-Pacific-Capesize-Report.pdf series=3 pts=113 ticks=3 gap=0.03145 OK
[467/519] ssy_2026_20260327-Atlantic-Capesize-Report.pdf series=3 pts=114 ticks=5 gap=0.06205 OK
[468/519] ssy_2026_20260327-Pacific-Capesize-Report.pdf series=3 pts=114 ticks=3 gap=0.05498 OK
[469/519] ssy_2026_20260402-Atlantic-Capesize-Report.pdf series=3 pts=115 ticks=5 gap=0.05502 OK
[470/519] ssy_2026_20260402-Pacific-Capesize-Report.pdf series=3 pts=115 ticks=3 gap=0.01891 OK
[471/519] ssy_2026_20260410-Atlantic-Capesize-Report.pdf series=3 pts=116 ticks=5 gap=0.0332 OK
[472/519] ssy_2026_20260410-Pacific-Capesize-Report.pdf series=3 pts=116 ticks=3 gap=0.00891 OK
[473/519] ssy_2026_20260417-Atlantic-Capesize-Report.pdf series=3 pts=117 ticks=5 gap=0.09694 OK
[474/519] ssy_2026_20260417-Pacific-Capesize-Report.pdf series=3 pts=117 ticks=3 gap=0.06685 OK
[475/519] ssy_2026_20260424-Atlantic-Capesize-Report.pdf series=3 pts=118 ticks=5 gap=0.02146 OK
[476/519] ssy_2026_20260424-Pacific-Capesize-Report.pdf series=3 pts=118 ticks=3 gap=0.01864 OK
[477/519] ssy_2026_20260501-Atlantic-Capesize-Report.pdf series=3 pts=119 ticks=5 gap=0.01099 OK
[478/519] ssy_2026_20260501-Pacific-Capesize-Report.pdf series=3 pts=119 ticks=5 gap=0.02524 OK
[479/519] ssy_2026_20260508-Atlantic-Capesize-Report.pdf series=3 pts=120 ticks=5 gap=0.03442 OK
[480/519] ssy_2026_20260508-Pacific-Capesize-Report.pdf series=3 pts=120 ticks=5 gap=0.06209 OK
[481/519] ssy_2026_20260515-Atlantic-Capesize-Report.pdf series=3 pts=121 ticks=5 gap=0.03514 OK
[482/519] ssy_2026_20260522-Atlantic-Capesize-Report.pdf series=3 pts=122 ticks=5 gap=0.09976 OK
[483/519] ssy_2026_20260522-Pacific-Capesize-Report.pdf series=3 pts=122 ticks=5 gap=0.02339 OK
[484/519] ssy_2026_20260529-Atlantic-Capesize-Report.pdf series=3 pts=123 ticks=5 gap=0.029 OK
[485/519] ssy_2026_20260529-Pacific-Capesize-Report.pdf series=3 pts=123 ticks=5 gap=0.0096 OK
[486/519] ssy_2026_20260605-Atlantic-Capesize-Report.pdf series=3 pts=124 ticks=5 gap=0.07186 OK
[487/519] ssy_2026_20260605-Pacific-Capesize-Report.pdf series=3 pts=124 ticks=5 gap=0.11895 OK
[488/519] ssy_2026_20260612-Atlantic-Capesize-Report.pdf series=3 pts=125 ticks=5 gap=0.10296 OK
[489/519] ssy_2026_20260612-Pacific-Capesize-Report.pdf series=3 pts=125 ticks=5 gap=0.16896 OK
[490/519] ssy_2026_20260619-Atlantic-Capesize-Report.pdf series=3 pts=126 ticks=5 gap=0.12292 OK
[491/519] ssy_2026_20260619-Pacific-Capesize-Report.pdf series=3 pts=126 ticks=5 gap=0.07623 OK
[492/519] ssy_2026_20260626-Atlantic-Capesize-Report.pdf series=3 pts=127 ticks=5 gap=0.09136 OK
[493/519] ssy_2026_20260626-Pacific-Capesize-Report.pdf series=3 pts=127 ticks=5 gap=0.18938 OK
[494/519] ssy_2026_20260710-Atlantic-Capesize-Report.pdf series=3 pts=129 ticks=5 gap=0.05921 OK
[495/519] ssy_2026_20260710-Pacific-Capesize-Report.pdf series=3 pts=129 ticks=5 gap=0.04902 OK
[496/519] ssy_2026_20260717-Atlantic-Capesize-Report.pdf series=3 pts=130 ticks=5 gap=0.06713 OK
[497/519] ssy_2026_20260717-Pacific-Capesize-Report.pdf series=3 pts=130 ticks=5 gap=0.10255 OK
[498/519] ssy_2026_20260724-Atlantic-Capesize-Report.pdf series=3 pts=131 ticks=5 gap=0.03452 OK
[499/519] ssy_2026_20260724-Pacific-Capesize-Report.pdf series=3 pts=131 ticks=5 gap=0.00397 OK
[500/519] ssy_2026_20260731-Atlantic-Capesize-Report.pdf series=3 pts=132 ticks=5 gap=0.00097 OK
[501/519] ssy_2026_20260731-Pacific-Capesize-Report.pdf series=3 pts=132 ticks=5 gap=0.03028 OK
[502/519] ssy_2026_20260807-Atlantic-Capesize-Report.pdf series=3 pts=133 ticks=5 gap=0.02875 OK
[503/519] ssy_2026_20260807-Pacific-Capesize-Report.pdf series=3 pts=133 ticks=5 gap=0.12314 OK
[504/519] ssy_2026_20260814-Atlantic-Capesize-Report.pdf series=3 pts=134 ticks=5 gap=0.06949 OK
[505/519] ssy_2026_20260814-Pacific-Capesize-Report.pdf series=3 pts=134 ticks=5 gap=0.11299 OK
[506/519] ssy_2026_20260821-Atlantic-Capesize-Report.pdf series=3 pts=135 ticks=5 gap=0.04014 OK
[507/519] ssy_2026_20260821-Pacific-Capesize-Report.pdf series=3 pts=135 ticks=5 gap=0.02284 OK
[508/519] ssy_2026_20260828-Atlantic-Capesize-Report.pdf series=3 pts=136 ticks=5 gap=0.08355 OK
[509/519] ssy_2026_20260828-Pacific-Capesize-Report.pdf series=3 pts=136 ticks=5 gap=0.08577 OK
[510/519] ssy_2026_nan_20260807-Atlantic-Capesize-Report.pdf series=3 pts=133 ticks=5 gap=0.02875 OK
[511/519] ssy_2026_nan_20260807-Pacific-Capesize-Report.pdf series=3 pts=133 ticks=5 gap=0.12314 OK
[512/519] ssy_2026_nan_20260814-Atlantic-Capesize-Report.pdf series=3 pts=134 ticks=5 gap=0.06949 OK
[513/519] ssy_2026_nan_20260814-Pacific-Capesize-Report.pdf series=3 pts=134 ticks=5 gap=0.11299 OK
[514/519] ssy_2026_nan_20260821-Atlantic-Capesize-Report.pdf series=3 pts=135 ticks=5 gap=0.04014 OK
[515/519] ssy_2026_nan_20260821-Pacific-Capesize-Report.pdf series=3 pts=135 ticks=5 gap=0.02284 OK
[516/519] ssy_2026_nan_20260828-Atlantic-Capesize-Report.pdf series=3 pts=136 ticks=5 gap=0.08355 OK
[517/519] ssy_2026_nan_20260828-Pacific-Capesize-Report.pdf series=3 pts=136 ticks=5 gap=0.08577 OK
[518/519] ssy_21_09_2026_ssy_atlantic_capesize_index_21_september_2026.pdf series=3 pts=139 ticks=5 gap=0.0207 OK
[519/519] ssy_21_09_2026_ssy_pacific_capesize_index_21_september_2026.pdf series=3 pts=139 ticks=5 gap=0.06315 OK

self-check vs printed Calculated Index: n=519 within 5% = 161 (31.0%) median gap = 0.0858 p90 = 0.3904
done=519 empty_or_failed=0 credits=0
