2026-09-30 08:53:07 [INFO] ======================================================================
2026-09-30 08:53:07 [INFO] ShippingFleetSync Triggered: 2026-09-30 08:53:07 IST (2026-09-30 03:23:07 UTC)
2026-09-30 08:53:07 [INFO] Cadence Check: Recent sync completed 8.3 hours ago (< 16h safety window). Skipping execution.
2026-09-30 08:53:30 [INFO] ======================================================================
2026-09-30 08:53:30 [INFO] ShippingFleetSync Triggered: 2026-09-30 08:53:30 IST (2026-09-30 03:23:30 UTC)
2026-09-30 08:53:30 [INFO] Cadence Check Passed: Eligible for daily run. Last run was 8.3h ago (2026-09-30 00:37 IST).
2026-09-30 08:53:30 [INFO] Pre-flight: Checking network connectivity...
2026-09-30 08:53:31 [INFO] Network connectivity confirmed (reached https://app.signalocean.com).
2026-09-30 08:53:31 [INFO] Starting synchronization: Macro Benchmark Core Fleet (5,000 hulls, 4 calls)...
2026-09-30 08:53:31 [INFO] Step 1: Refreshing headless Signal Ocean authentication session...
2026-09-30 08:54:09 [INFO] Session successfully refreshed.
2026-09-30 08:54:09 [INFO] Step 2: Fetching vessel telemetry from Signal Ocean gateway...
2026-09-30 08:54:52 [INFO] Telemetry ingestion and port queues completed successfully.
2026-09-30 08:54:52 [INFO] Step 3: Staging updated data and pushing to GitHub repository...
2026-09-30 08:55:20 [ERROR] Git synchronization step failed: Command '['git', 'add', 'data/views/signal/', 'data/geospatial/', 'data/derived/', 'data/reference/']' returned non-zero exit status 128.
2026-09-30 08:56:37 [INFO] ======================================================================
2026-09-30 08:56:37 [INFO] ShippingFleetSync Triggered: 2026-09-30 08:56:37 IST (2026-09-30 03:26:37 UTC)
2026-09-30 08:56:37 [INFO] Force flag passed. Overriding interval checks.
2026-09-30 08:56:37 [INFO] Pre-flight: Checking network connectivity...
2026-09-30 08:56:38 [INFO] Network connectivity confirmed (reached https://app.signalocean.com).
2026-09-30 08:56:38 [INFO] Starting synchronization: Macro Benchmark Core Fleet (5,000 hulls, 4 calls)...
2026-09-30 08:56:38 [INFO] Step 1: Refreshing headless Signal Ocean authentication session...
2026-09-30 08:56:55 [INFO] Session successfully refreshed.
2026-09-30 08:56:55 [INFO] Step 2: Fetching vessel telemetry from Signal Ocean gateway...
2026-09-30 08:57:41 [INFO] Telemetry ingestion and port queues completed successfully.
2026-09-30 08:57:41 [INFO] Step 3: Staging updated data and pushing to GitHub repository...
2026-09-30 08:57:50 [INFO] SUCCESS: Fresh fleet data successfully committed and pushed to GitHub!
2026-09-30 10:00:04 [INFO] ======================================================================
2026-09-30 10:00:04 [INFO] ShippingFleetSync Triggered: 2026-09-30 10:00:04 IST (2026-09-30 04:30:04 UTC)
2026-09-30 10:00:04 [INFO] Cadence Check: Already completed today at 08:56:37 IST (elapsed: 1.1h). Skipping execution.
2026-10-03 10:02:21 [INFO] ======================================================================
2026-10-03 10:02:21 [INFO] ShippingFleetSync Triggered: 2026-10-03 10:02:21 IST (2026-10-03 04:32:21 UTC)
2026-10-03 10:02:26 [INFO] Cadence Check Passed: Eligible for daily run. Last run was 24.0h ago (2026-10-02 10:00 IST).
2026-10-03 10:02:26 [INFO] Pre-flight: Checking network connectivity...
2026-10-03 10:02:27 [INFO] Network connectivity confirmed (reached https://app.signalocean.com).
2026-10-03 10:02:27 [INFO] Starting synchronization: Macro Benchmark Core Fleet (5,000 hulls, 4 calls)...
2026-10-03 10:02:27 [INFO] Step 1: Refreshing headless Signal Ocean authentication session...
2026-10-04 10:00:08 [INFO] ======================================================================
2026-10-04 10:00:08 [INFO] ShippingFleetSync Triggered: 2026-10-04 10:00:08 IST (2026-10-04 04:30:08 UTC)
2026-10-04 10:00:08 [INFO] Cadence Check Passed: Eligible for daily run. Last run was 48.0h ago (2026-10-02 10:00 IST).
2026-10-04 10:00:08 [INFO] Pre-flight: Checking network connectivity...
2026-10-04 10:00:09 [INFO] Network connectivity confirmed (reached https://app.signalocean.com).
2026-10-04 10:00:09 [INFO] Starting synchronization: Macro Benchmark Core Fleet (5,000 hulls, 4 calls)...
2026-10-04 10:00:09 [INFO] Step 1: Refreshing headless Signal Ocean authentication session...
2026-10-04 10:01:00 [INFO] Session successfully refreshed.
2026-10-04 10:01:00 [INFO] Step 2: Fetching vessel telemetry from Signal Ocean gateway...
2026-10-04 10:03:18 [INFO] Telemetry ingestion and port queues completed successfully.
2026-10-04 10:03:18 [INFO] Step 3: Staging updated data and pushing to GitHub repository...
2026-10-04 10:07:41 [INFO] SUCCESS: Fresh fleet data successfully committed and pushed to GitHub!
